Component: Arm Compiler for Embedded 6.24 Tool: armlink [5f371500]

==============================================================================

Section Cross References

    startup_stm32f407xx.o(STACK) refers (Special) to heapauxi.o(.text) for __use_two_region_memory
    startup_stm32f407xx.o(HEAP) refers (Special) to heapauxi.o(.text) for __use_two_region_memory
    startup_stm32f407xx.o(RESET) refers (Special) to heapauxi.o(.text) for __use_two_region_memory
    startup_stm32f407xx.o(RESET) refers to startup_stm32f407xx.o(STACK) for __initial_sp
    startup_stm32f407xx.o(RESET) refers to startup_stm32f407xx.o(.text) for Reset_Handler
    startup_stm32f407xx.o(RESET) refers to stm32f4xx_it.o(.text.NMI_Handler) for NMI_Handler
    startup_stm32f407xx.o(RESET) refers to stm32f4xx_it.o(.text.HardFault_Handler) for HardFault_Handler
    startup_stm32f407xx.o(RESET) refers to stm32f4xx_it.o(.text.MemManage_Handler) for MemManage_Handler
    startup_stm32f407xx.o(RESET) refers to stm32f4xx_it.o(.text.BusFault_Handler) for BusFault_Handler
    startup_stm32f407xx.o(RESET) refers to stm32f4xx_it.o(.text.UsageFault_Handler) for UsageFault_Handler
    startup_stm32f407xx.o(RESET) refers to stm32f4xx_it.o(.text.SVC_Handler) for SVC_Handler
    startup_stm32f407xx.o(RESET) refers to stm32f4xx_it.o(.text.DebugMon_Handler) for DebugMon_Handler
    startup_stm32f407xx.o(RESET) refers to stm32f4xx_it.o(.text.PendSV_Handler) for PendSV_Handler
    startup_stm32f407xx.o(RESET) refers to stm32f4xx_it.o(.text.SysTick_Handler) for SysTick_Handler
    startup_stm32f407xx.o(RESET) refers to stm32f4xx_it.o(.text.DMA1_Stream5_IRQHandler) for DMA1_Stream5_IRQHandler
    startup_stm32f407xx.o(RESET) refers to stm32f4xx_it.o(.text.DMA1_Stream6_IRQHandler) for DMA1_Stream6_IRQHandler
    startup_stm32f407xx.o(RESET) refers to stm32f4xx_it.o(.text.I2C1_EV_IRQHandler) for I2C1_EV_IRQHandler
    startup_stm32f407xx.o(RESET) refers to stm32f4xx_it.o(.text.I2C1_ER_IRQHandler) for I2C1_ER_IRQHandler
    startup_stm32f407xx.o(RESET) refers to stm32f4xx_it.o(.text.SPI1_IRQHandler) for SPI1_IRQHandler
    startup_stm32f407xx.o(RESET) refers to stm32f4xx_it.o(.text.USART2_IRQHandler) for USART2_IRQHandler
    startup_stm32f407xx.o(RESET) refers to stm32f4xx_it.o(.text.DMA2_Stream0_IRQHandler) for DMA2_Stream0_IRQHandler
    startup_stm32f407xx.o(RESET) refers to stm32f4xx_it.o(.text.DMA2_Stream3_IRQHandler) for DMA2_Stream3_IRQHandler
    startup_stm32f407xx.o(.text) refers (Special) to heapauxi.o(.text) for __use_two_region_memory
    startup_stm32f407xx.o(.text) refers to system_stm32f4xx.o(.text.SystemInit) for SystemInit
    startup_stm32f407xx.o(.text) refers to __main.o(!!!main) for __main
    startup_stm32f407xx.o(.text) refers to startup_stm32f407xx.o(HEAP) for Heap_Mem
    startup_stm32f407xx.o(.text) refers to startup_stm32f407xx.o(STACK) for Stack_Mem
    main.o(.text.LCD_Write_Cmd) refers to stm32f4xx_hal_gpio.o(.text.HAL_GPIO_WritePin) for HAL_GPIO_WritePin
    main.o(.text.LCD_Write_Cmd) refers to spi.o(.bss.hspi1) for hspi1
    main.o(.text.LCD_Write_Cmd) refers to stm32f4xx_hal_spi.o(.text.HAL_SPI_Transmit) for HAL_SPI_Transmit
    main.o(.ARM.exidx.text.LCD_Write_Cmd) refers to main.o(.text.LCD_Write_Cmd) for [Anonymous Symbol]
    main.o(.text.LCD_Write_Data) refers to stm32f4xx_hal_gpio.o(.text.HAL_GPIO_WritePin) for HAL_GPIO_WritePin
    main.o(.text.LCD_Write_Data) refers to spi.o(.bss.hspi1) for hspi1
    main.o(.text.LCD_Write_Data) refers to stm32f4xx_hal_spi.o(.text.HAL_SPI_Transmit) for HAL_SPI_Transmit
    main.o(.ARM.exidx.text.LCD_Write_Data) refers to main.o(.text.LCD_Write_Data) for [Anonymous Symbol]
    main.o(.text.LCD_Write_Data_16Bit) refers to stm32f4xx_hal_gpio.o(.text.HAL_GPIO_WritePin) for HAL_GPIO_WritePin
    main.o(.text.LCD_Write_Data_16Bit) refers to spi.o(.bss.hspi1) for hspi1
    main.o(.text.LCD_Write_Data_16Bit) refers to stm32f4xx_hal_spi.o(.text.HAL_SPI_Transmit) for HAL_SPI_Transmit
    main.o(.ARM.exidx.text.LCD_Write_Data_16Bit) refers to main.o(.text.LCD_Write_Data_16Bit) for [Anonymous Symbol]
    main.o(.text.LCD_Init) refers to stm32f4xx_hal_gpio.o(.text.HAL_GPIO_WritePin) for HAL_GPIO_WritePin
    main.o(.text.LCD_Init) refers to stm32f4xx_hal.o(.text.HAL_Delay) for HAL_Delay
    main.o(.text.LCD_Init) refers to spi.o(.bss.hspi1) for hspi1
    main.o(.text.LCD_Init) refers to stm32f4xx_hal_spi.o(.text.HAL_SPI_Transmit) for HAL_SPI_Transmit
    main.o(.ARM.exidx.text.LCD_Init) refers to main.o(.text.LCD_Init) for [Anonymous Symbol]
    main.o(.text.LCD_Set_Window) refers to stm32f4xx_hal_gpio.o(.text.HAL_GPIO_WritePin) for HAL_GPIO_WritePin
    main.o(.text.LCD_Set_Window) refers to spi.o(.bss.hspi1) for hspi1
    main.o(.text.LCD_Set_Window) refers to stm32f4xx_hal_spi.o(.text.HAL_SPI_Transmit) for HAL_SPI_Transmit
    main.o(.ARM.exidx.text.LCD_Set_Window) refers to main.o(.text.LCD_Set_Window) for [Anonymous Symbol]
[...]
    ../clib/signal.s                         0x00000000   Number         0  defsig.o ABSOLUTE
    ../clib/stdlib.c                         0x00000000   Number         0  exit.o ABSOLUTE
    ../fplib/fpinit.s                        0x00000000   Number         0  fpinit.o ABSOLUTE
    dc.s                                     0x00000000   Number         0  dc.o ABSOLUTE
    dma.c                                    0x00000000   Number         0  dma.o ABSOLUTE
    gpio.c                                   0x00000000   Number         0  gpio.o ABSOLUTE
    i2c.c                                    0x00000000   Number         0  i2c.o ABSOLUTE
    main.c                                   0x00000000   Number         0  main.o ABSOLUTE
    spi.c                                    0x00000000   Number         0  spi.o ABSOLUTE
    startup_stm32f407xx.s                    0x00000000   Number         0  startup_stm32f407xx.o ABSOLUTE
    stm32f4xx_hal.c                          0x00000000   Number         0  stm32f4xx_hal.o ABSOLUTE
    stm32f4xx_hal_cortex.c                   0x00000000   Number         0  stm32f4xx_hal_cortex.o ABSOLUTE
    stm32f4xx_hal_dma.c                      0x00000000   Number         0  stm32f4xx_hal_dma.o ABSOLUTE
    stm32f4xx_hal_dma_ex.c                   0x00000000   Number         0  stm32f4xx_hal_dma_ex.o ABSOLUTE
    stm32f4xx_hal_exti.c                     0x00000000   Number         0  stm32f4xx_hal_exti.o ABSOLUTE
    stm32f4xx_hal_flash.c                    0x00000000   Number         0  stm32f4xx_hal_flash.o ABSOLUTE
    stm32f4xx_hal_flash_ex.c                 0x00000000   Number         0  stm32f4xx_hal_flash_ex.o ABSOLUTE
    stm32f4xx_hal_flash_ramfunc.c            0x00000000   Number         0  stm32f4xx_hal_flash_ramfunc.o ABSOLUTE
    stm32f4xx_hal_gpio.c                     0x00000000   Number         0  stm32f4xx_hal_gpio.o ABSOLUTE
    stm32f4xx_hal_i2c.c                      0x00000000   Number         0  stm32f4xx_hal_i2c.o ABSOLUTE
    stm32f4xx_hal_i2c_ex.c                   0x00000000   Number         0  stm32f4xx_hal_i2c_ex.o ABSOLUTE
    stm32f4xx_hal_msp.c                      0x00000000   Number         0  stm32f4xx_hal_msp.o ABSOLUTE
    stm32f4xx_hal_pwr.c                      0x00000000   Number         0  stm32f4xx_hal_pwr.o ABSOLUTE
    stm32f4xx_hal_pwr_ex.c                   0x00000000   Number         0  stm32f4xx_hal_pwr_ex.o ABSOLUTE
    stm32f4xx_hal_rcc.c                      0x00000000   Number         0  stm32f4xx_hal_rcc.o ABSOLUTE
    stm32f4xx_hal_rcc_ex.c                   0x00000000   Number         0  stm32f4xx_hal_rcc_ex.o ABSOLUTE
    stm32f4xx_hal_spi.c                      0x00000000   Number         0  stm32f4xx_hal_spi.o ABSOLUTE
    stm32f4xx_hal_uart.c                     0x00000000   Number         0  stm32f4xx_hal_uart.o ABSOLUTE
    stm32f4xx_it.c                           0x00000000   Number         0  stm32f4xx_it.o ABSOLUTE
    system_stm32f4xx.c                       0x00000000   Number         0  system_stm32f4xx.o ABSOLUTE
    usart.c                                  0x00000000   Number         0  usart.o ABSOLUTE
    RESET                                    0x08000000   Section      392  startup_stm32f407xx.o(RESET)
    !!!main                                  0x08000188   Section        8  __main.o(!!!main)
    !!!scatter                               0x08000190   Section       92  __scatter.o(!!!scatter)
    !!handler_copy                           0x080001ec   Section       26  __scatter_copy.o(!!handler_copy)
    !!handler_null                           0x08000208   Section        2  __scatter.o(!!handler_null)
    !!handler_zi                             0x0800020c   Section       28  __scatter_zi.o(!!handler_zi)
    .ARM.Collect$$libinit$$00000000          0x08000228   Section        2  libinit.o(.ARM.Collect$$libinit$$00000000)
    .ARM.Collect$$libinit$$00000001          0x0800022a   Section        4  libinit2.o(.ARM.Collect$$libinit$$00000001)
    .ARM.Collect$$libinit$$00000004          0x0800022e   Section        0  libinit2.o(.ARM.Collect$$libinit$$00000004)
    .ARM.Collect$$libinit$$00000006          0x0800022e   Section        0  libinit2.o(.ARM.Collect$$libinit$$00000006)
    .ARM.Collect$$libinit$$0000000C          0x0800022e   Section        0  libinit2.o(.ARM.Collect$$libinit$$0000000C)
    .ARM.Collect$$libinit$$0000000E          0x0800022e   Section        0  libinit2.o(.ARM.Collect$$libinit$$0000000E)
    .ARM.Collect$$libinit$$00000010          0x0800022e   Section        0  libinit2.o(.ARM.Collect$$libinit$$00000010)
    .ARM.Collect$$libinit$$00000013          0x0800022e   Section        0  libinit2.o(.ARM.Collect$$libinit$$00000013)
    .ARM.Collect$$libinit$$00000015          0x0800022e   Section        0  libinit2.o(.ARM.Collect$$libinit$$00000015)
    .ARM.Collect$$libinit$$00000017          0x0800022e   Section        0  libinit2.o(.ARM.Collect$$libinit$$00000017)
    .ARM.Collect$$libinit$$00000019          0x0800022e   Section        0  libinit2.o(.ARM.Collect$$libinit$$00000019)
    .ARM.Collect$$libinit$$0000001B          0x0800022e   Section        0  libinit2.o(.ARM.Collect$$libinit$$0000001B)
    .ARM.Collect$$libinit$$0000001D          0x0800022e   Section        0  libinit2.o(.ARM.Collect$$libinit$$0000001D)
    .ARM.Collect$$libinit$$0000001F          0x0800022e   Section        0  libinit2.o(.ARM.Collect$$libinit$$0000001F)
    .ARM.Collect$$libinit$$00000021          0x0800022e   Section        0  libinit2.o(.ARM.Collect$$libinit$$00000021)
    .ARM.Collect$$libinit$$00000023          0x0800022e   Section        0  libinit2.o(.ARM.Collect$$libinit$$00000023)
    .ARM.Collect$$libinit$$00000025          0x0800022e   Section        0  libinit2.o(.ARM.Collect$$libinit$$00000025)
    .ARM.Collect$$libinit$$00000027          0x0800022e   Section        0  libinit2.o(.ARM.Collect$$libinit$$00000027)
    .ARM.Collect$$libinit$$0000002E          0x0800022e   Section        0  libinit2.o(.ARM.Collect$$libinit$$0000002E)
    .ARM.Collect$$libinit$$00000030          0x0800022e   Section        0  libinit2.o(.ARM.Collect$$libinit$$00000030)
    .ARM.Collect$$libinit$$00000032          0x0800022e   Section        0  libinit2.o(.ARM.Collect$$libinit$$00000032)
    .ARM.Collect$$libinit$$00000034          0x0800022e   Section        0  libinit2.o(.ARM.Collect$$libinit$$00000034)
    .ARM.Collect$$libinit$$00000035          0x0800022e   Section        2  libinit2.o(.ARM.Collect$$libinit$$00000035)
    .ARM.Collect$$libshutdown$$00000000      0x08000230   Section        2  libshutdown.o(.ARM.Collect$$libshutdown$$00000000)
    .ARM.Collect$$libshutdown$$00000002      0x08000232   Section        0  libshutdown2.o(.ARM.Collect$$libshutdown$$00000002)
    .ARM.Collect$$libshutdown$$00000004      0x08000232   Section        0  libshutdown2.o(.ARM.Collect$$libshutdown$$00000004)
    .ARM.Collect$$libshutdown$$00000007      0x08000232   Section        0  libshutdown2.o(.ARM.Collect$$libshutdown$$00000007)
    .ARM.Collect$$libshutdown$$0000000A      0x08000232   Section        0  libshutdown2.o(.ARM.Collect$$libshutdown$$0000000A)
    .ARM.Collect$$libshutdown$$0000000C      0x08000232   Section        0  libshutdown2.o(.ARM.Collect$$libshutdown$$0000000C)
    .ARM.Collect$$libshutdown$$0000000F      0x08000232   Section        0  libshutdown2.o(.ARM.Collect$$libshutdown$$0000000F)
    .ARM.Collect$$libshutdown$$00000010      0x08000232   Section        2  libshutdown2.o(.ARM.Collect$$libshutdown$$00000010)
    .ARM.Collect$$rtentry$$00000000          0x08000234   Section        0  __rtentry.o(.ARM.Collect$$rtentry$$00000000)
    .ARM.Collect$$rtentry$$00000002          0x08000234   Section        0  __rtentry2.o(.ARM.Collect$$rtentry$$00000002)
    .ARM.Collect$$rtentry$$00000004          0x08000234   Section        6  __rtentry4.o(.ARM.Collect$$rtentry$$00000004)
    .ARM.Collect$$rtentry$$00000009          0x0800023a   Section        0  __rtentry2.o(.ARM.Collect$$rtentry$$00000009)
    .ARM.Collect$$rtentry$$0000000A          0x0800023a   Section        4  __rtentry2.o(.ARM.Collect$$rtentry$$0000000A)
    .ARM.Collect$$rtentry$$0000000C          0x0800023e   Section        0  __rtentry2.o(.ARM.Collect$$rtentry$$0000000C)
    .ARM.Collect$$rtentry$$0000000D          0x0800023e   Section        8  __rtentry2.o(.ARM.Collect$$rtentry$$0000000D)
    .ARM.Collect$$rtexit$$00000000           0x08000246   Section        2  rtexit.o(.ARM.Collect$$rtexit$$00000000)
    .ARM.Collect$$rtexit$$00000002           0x08000248   Section        0  rtexit2.o(.ARM.Collect$$rtexit$$00000002)
    .ARM.Collect$$rtexit$$00000003           0x08000248   Section        4  rtexit2.o(.ARM.Collect$$rtexit$$00000003)
    .ARM.Collect$$rtexit$$00000004           0x0800024c   Section        6  rtexit2.o(.ARM.Collect$$rtexit$$00000004)
    $v0                                      0x08000254   Number         0  startup_stm32f407xx.o(.text)
    .text                                    0x08000254   Section       64  startup_stm32f407xx.o(.text)
    .text                                    0x08000294   Section      240  lludivv7m.o(.text)
    .text                                    0x08000384   Section       78  rt_memclr_w.o(.text)
    .text                                    0x080003d2   Section        0  heapauxi.o(.text)
    .text                                    0x080003d8   Section       74  sys_stackheap_outer.o(.text)
    .text                                    0x08000422   Section        0  exit.o(.text)
    .text                                    0x08000434   Section        8  libspace.o(.text)
    .text                                    0x0800043c   Section        0  sys_exit.o(.text)
    .text                                    0x08000448   Section        2  use_no_semi.o(.text)
    .text                                    0x0800044a   Section        0  indicate_semi.o(.text)
    [Anonymous Symbol]                       0x0800044c   Section        0  stm32f4xx_it.o(.text.BusFault_Handler)
    [Anonymous Symbol]                       0x08000450   Section        0  stm32f4xx_it.o(.text.DMA1_Stream5_IRQHandler)
    [Anonymous Symbol]                       0x0800045c   Section        0  stm32f4xx_it.o(.text.DMA1_Stream6_IRQHandler)
    [Anonymous Symbol]                       0x08000468   Section        0  stm32f4xx_it.o(.text.DMA2_Stream0_IRQHandler)
    [Anonymous Symbol]                       0x08000474   Section        0  stm32f4xx_it.o(.text.DMA2_Stream3_IRQHandler)
    [Anonymous Symbol]                       0x08000480   Section        0  stm32f4xx_it.o(.text.DebugMon_Handler)
    [Anonymous Symbol]                       0x08000484   Section        0  main.o(.text.Display_Image_From_Flash)
    [Anonymous Symbol]                       0x08000618   Section        0  main.o(.text.Error_Handler)
    [Anonymous Symbol]                       0x08000620   Section        0  stm32f4xx_hal_dma.o(.text.HAL_DMA_Abort)
    [Anonymous Symbol]                       0x080006b0   Section        0  stm32f4xx_hal_dma.o(.text.HAL_DMA_Abort_IT)
    [Anonymous Symbol]                       0x080006d4   Section        0  stm32f4xx_hal_dma.o(.text.HAL_DMA_GetState)
    [Anonymous Symbol]                       0x080006dc   Section        0  stm32f4xx_hal_dma.o(.text.HAL_DMA_IRQHandler)
    [Anonymous Symbol]                       0x080008a0   Section        0  stm32f4xx_hal_dma.o(.text.HAL_DMA_Init)
    [Anonymous Symbol]                       0x08000a04   Section        0  stm32f4xx_hal_dma.o(.text.HAL_DMA_Start_IT)
    [Anonymous Symbol]                       0x08000aa8   Section        0  stm32f4xx_hal.o(.text.HAL_Delay)
    [Anonymous Symbol]                       0x08000ad0   Section        0  stm32f4xx_hal_gpio.o(.text.HAL_GPIO_Init)
    [Anonymous Symbol]                       0x08000c70   Section        0  stm32f4xx_hal_gpio.o(.text.HAL_GPIO_ReadPin)
    [Anonymous Symbol]                       0x08000c7c   Section        0  stm32f4xx_hal_gpio.o(.text.HAL_GPIO_WritePin)
    [Anonymous Symbol]                       0x08000c88   Section        0  stm32f4xx_hal.o(.text.HAL_GetTick)
    [Anonymous Symbol]                       0x08000c94   Section        0  stm32f4xx_hal_i2c.o(.text.HAL_I2C_AbortCpltCallback)
    [Anonymous Symbol]                       0x08000c98   Section        0  stm32f4xx_hal_i2c.o(.text.HAL_I2C_AddrCallback)
    [Anonymous Symbol]                       0x08000c9c   Section        0  stm32f4xx_hal_i2c.o(.text.HAL_I2C_ER_IRQHandler)
    [Anonymous Symbol]                       0x08000dec   Section        0  stm32f4xx_hal_i2c.o(.text.HAL_I2C_EV_IRQHandler)
    [Anonymous Symbol]                       0x080013f0   Section        0  stm32f4xx_hal_i2c.o(.text.HAL_I2C_ErrorCallback)
    [Anonymous Symbol]                       0x080013f4   Section        0  stm32f4xx_hal_i2c.o(.text.HAL_I2C_Init)
    [Anonymous Symbol]                       0x08001558   Section        0  stm32f4xx_hal_i2c.o(.text.HAL_I2C_ListenCpltCallback)
    [Anonymous Symbol]                       0x0800155c   Section        0  stm32f4xx_hal_i2c.o(.text.HAL_I2C_MasterRxCpltCallback)
    [Anonymous Symbol]                       0x08001560   Section        0  stm32f4xx_hal_i2c.o(.text.HAL_I2C_MasterTxCpltCallback)
    [Anonymous Symbol]                       0x08001564   Section        0  stm32f4xx_hal_i2c.o(.text.HAL_I2C_MemRxCpltCallback)
    [Anonymous Symbol]                       0x08001568   Section        0  stm32f4xx_hal_i2c.o(.text.HAL_I2C_MemTxCpltCallback)
    [Anonymous Symbol]                       0x0800156c   Section        0  stm32f4xx_hal_i2c.o(.text.HAL_I2C_Mem_Write)
    [Anonymous Symbol]                       0x080016c8   Section        0  i2c.o(.text.HAL_I2C_MspInit)
    [Anonymous Symbol]                       0x08001798   Section        0  stm32f4xx_hal_i2c.o(.text.HAL_I2C_SlaveRxCpltCallback)
    [Anonymous Symbol]                       0x0800179c   Section        0  stm32f4xx_hal_i2c.o(.text.HAL_I2C_SlaveTxCpltCallback)
    [Anonymous Symbol]                       0x080017a0   Section        0  stm32f4xx_hal.o(.text.HAL_IncTick)
    [Anonymous Symbol]                       0x080017bc   Section        0  stm32f4xx_hal.o(.text.HAL_Init)
    [Anonymous Symbol]                       0x080017f4   Section        0  stm32f4xx_hal.o(.text.HAL_InitTick)
    [Anonymous Symbol]                       0x0800183c   Section        0  stm32f4xx_hal_msp.o(.text.HAL_MspInit)
    [Anonymous Symbol]                       0x08001874   Section        0  stm32f4xx_hal_cortex.o(.text.HAL_NVIC_EnableIRQ)
    [Anonymous Symbol]                       0x08001898   Section        0  stm32f4xx_hal_cortex.o(.text.HAL_NVIC_SetPriority)
    [Anonymous Symbol]                       0x080018f0   Section        0  stm32f4xx_hal_cortex.o(.text.HAL_NVIC_SetPriorityGrouping)
    [Anonymous Symbol]                       0x08001910   Section        0  stm32f4xx_hal_rcc.o(.text.HAL_RCC_ClockConfig)
    [Anonymous Symbol]                       0x08001a74   Section        0  stm32f4xx_hal_rcc.o(.text.HAL_RCC_GetPCLK1Freq)
    [Anonymous Symbol]                       0x08001a9c   Section        0  stm32f4xx_hal_rcc.o(.text.HAL_RCC_GetPCLK2Freq)
    [Anonymous Symbol]                       0x08001ac4   Section        0  stm32f4xx_hal_rcc.o(.text.HAL_RCC_GetSysClockFreq)
    [Anonymous Symbol]                       0x08001b34   Section        0  stm32f4xx_hal_rcc.o(.text.HAL_RCC_OscConfig)
    [Anonymous Symbol]                       0x08001ee0   Section        0  stm32f4xx_hal_spi.o(.text.HAL_SPI_ErrorCallback)
    [Anonymous Symbol]                       0x08001ee4   Section        0  stm32f4xx_hal_spi.o(.text.HAL_SPI_IRQHandler)
    [Anonymous Symbol]                       0x08002014   Section        0  stm32f4xx_hal_spi.o(.text.HAL_SPI_Init)
    [Anonymous Symbol]                       0x080020c4   Section        0  spi.o(.text.HAL_SPI_MspInit)
    [Anonymous Symbol]                       0x08002260   Section        0  stm32f4xx_hal_spi.o(.text.HAL_SPI_Receive)
    [Anonymous Symbol]                       0x08002460   Section        0  stm32f4xx_hal_spi.o(.text.HAL_SPI_Transmit)
    [Anonymous Symbol]                       0x080026d4   Section        0  stm32f4xx_hal_spi.o(.text.HAL_SPI_TransmitReceive)
    [Anonymous Symbol]                       0x08002a14   Section        0  stm32f4xx_hal_spi.o(.text.HAL_SPI_Transmit_DMA)
    [Anonymous Symbol]                       0x08002af4   Section        0  main.o(.text.HAL_SPI_TxCpltCallback)
    [Anonymous Symbol]                       0x08002b14   Section        0  stm32f4xx_hal_spi.o(.text.HAL_SPI_TxHalfCpltCallback)
    [Anonymous Symbol]                       0x08002b18   Section        0  stm32f4xx_hal_cortex.o(.text.HAL_SYSTICK_Config)
    [Anonymous Symbol]                       0x08002b44   Section        0  stm32f4xx_hal_uart.o(.text.HAL_UARTEx_RxEventCallback)
    [Anonymous Symbol]                       0x08002b48   Section        0  stm32f4xx_hal_uart.o(.text.HAL_UART_ErrorCallback)
    [Anonymous Symbol]                       0x08002b4c   Section        0  stm32f4xx_hal_uart.o(.text.HAL_UART_IRQHandler)
    [Anonymous Symbol]                       0x080030e0   Section        0  stm32f4xx_hal_uart.o(.text.HAL_UART_Init)
    [Anonymous Symbol]                       0x08003140   Section        0  usart.o(.text.HAL_UART_MspInit)
    [Anonymous Symbol]                       0x08003204   Section        0  stm32f4xx_hal_uart.o(.text.HAL_UART_Receive_DMA)
    [Anonymous Symbol]                       0x08003384   Section        0  main.o(.text.HAL_UART_RxCpltCallback)
    [Anonymous Symbol]                       0x080033a4   Section        0  stm32f4xx_hal_uart.o(.text.HAL_UART_RxHalfCpltCallback)
    [Anonymous Symbol]                       0x080033a8   Section        0  stm32f4xx_hal_uart.o(.text.HAL_UART_Transmit)
    [Anonymous Symbol]                       0x0800353c   Section        0  stm32f4xx_hal_uart.o(.text.HAL_UART_TxCpltCallback)
    [Anonymous Symbol]                       0x08003540   Section        0  stm32f4xx_it.o(.text.HardFault_Handler)
    [Anonymous Symbol]                       0x08003544   Section        0  stm32f4xx_it.o(.text.I2C1_ER_IRQHandler)
    [Anonymous Symbol]                       0x08003550   Section        0  stm32f4xx_it.o(.text.I2C1_EV_IRQHandler)
    I2C_DMAAbort                             0x0800355d   Thumb Code   286  stm32f4xx_hal_i2c.o(.text.I2C_DMAAbort)
    [Anonymous Symbol]                       0x0800355c   Section        0  stm32f4xx_hal_i2c.o(.text.I2C_DMAAbort)
    I2C_ITError                              0x0800367d   Thumb Code   396  stm32f4xx_hal_i2c.o(.text.I2C_ITError)
    [Anonymous Symbol]                       0x0800367c   Section        0  stm32f4xx_hal_i2c.o(.text.I2C_ITError)
    I2C_MasterReceive_BTF                    0x08003809   Thumb Code   248  stm32f4xx_hal_i2c.o(.text.I2C_MasterReceive_BTF)
    [Anonymous Symbol]                       0x08003808   Section        0  stm32f4xx_hal_i2c.o(.text.I2C_MasterReceive_BTF)
    I2C_MasterReceive_RXNE                   0x08003901   Thumb Code   318  stm32f4xx_hal_i2c.o(.text.I2C_MasterReceive_RXNE)
    [Anonymous Symbol]                       0x08003900   Section        0  stm32f4xx_hal_i2c.o(.text.I2C_MasterReceive_RXNE)
    I2C_MasterTransmit_BTF                   0x08003a41   Thumb Code   130  stm32f4xx_hal_i2c.o(.text.I2C_MasterTransmit_BTF)
    [Anonymous Symbol]                       0x08003a40   Section        0  stm32f4xx_hal_i2c.o(.text.I2C_MasterTransmit_BTF)
    I2C_MasterTransmit_TXE                   0x08003ac5   Thumb Code   178  stm32f4xx_hal_i2c.o(.text.I2C_MasterTransmit_TXE)
    [Anonymous Symbol]                       0x08003ac4   Section        0  stm32f4xx_hal_i2c.o(.text.I2C_MasterTransmit_TXE)
    I2C_MemoryTransmit_TXE_BTF               0x08003b79   Thumb Code   190  stm32f4xx_hal_i2c.o(.text.I2C_MemoryTransmit_TXE_BTF)
    [Anonymous Symbol]                       0x08003b78   Section        0  stm32f4xx_hal_i2c.o(.text.I2C_MemoryTransmit_TXE_BTF)
    I2C_RequestMemoryWrite                   0x08003c39   Thumb Code   200  stm32f4xx_hal_i2c.o(.text.I2C_RequestMemoryWrite)
    [Anonymous Symbol]                       0x08003c38   Section        0  stm32f4xx_hal_i2c.o(.text.I2C_RequestMemoryWrite)
    I2C_WaitOnBTFFlagUntilTimeout            0x08003d01   Thumb Code   186  stm32f4xx_hal_i2c.o(.text.I2C_WaitOnBTFFlagUntilTimeout)
    [Anonymous Symbol]                       0x08003d00   Section        0  stm32f4xx_hal_i2c.o(.text.I2C_WaitOnBTFFlagUntilTimeout)
    I2C_WaitOnFlagUntilTimeout               0x08003dbd   Thumb Code   458  stm32f4xx_hal_i2c.o(.text.I2C_WaitOnFlagUntilTimeout)
    [Anonymous Symbol]                       0x08003dbc   Section        0  stm32f4xx_hal_i2c.o(.text.I2C_WaitOnFlagUntilTimeout)
    I2C_WaitOnMasterAddressFlagUntilTimeout  0x08003f89   Thumb Code   214  stm32f4xx_hal_i2c.o(.text.I2C_WaitOnMasterAddressFlagUntilTimeout)
    [Anonymous Symbol]                       0x08003f88   Section        0  stm32f4xx_hal_i2c.o(.text.I2C_WaitOnMasterAddressFlagUntilTimeout)
    I2C_WaitOnTXEFlagUntilTimeout            0x08004061   Thumb Code   186  stm32f4xx_hal_i2c.o(.text.I2C_WaitOnTXEFlagUntilTimeout)
    [Anonymous Symbol]                       0x08004060   Section        0  stm32f4xx_hal_i2c.o(.text.I2C_WaitOnTXEFlagUntilTimeout)
    [Anonymous Symbol]                       0x0800411c   Section        0  main.o(.text.Key_Scan)
    [Anonymous Symbol]                       0x0800434c   Section        0  main.o(.text.LCD_Init)
    [Anonymous Symbol]                       0x08004eb4   Section        0  main.o(.text.LCD_Set_Window)
    [Anonymous Symbol]                       0x0800503c   Section        0  dma.o(.text.MX_DMA_Init)
    [Anonymous Symbol]                       0x080050b8   Section        0  gpio.o(.text.MX_GPIO_Init)
    [Anonymous Symbol]                       0x0800519c   Section        0  i2c.o(.text.MX_I2C1_Init)
    [Anonymous Symbol]                       0x080051e0   Section        0  spi.o(.text.MX_SPI1_Init)
    [Anonymous Symbol]                       0x08005228   Section        0  spi.o(.text.MX_SPI2_Init)
    [Anonymous Symbol]                       0x08005270   Section        0  usart.o(.text.MX_USART2_UART_Init)
    [Anonymous Symbol]                       0x080052ac   Section        0  stm32f4xx_it.o(.text.MemManage_Handler)
    [Anonymous Symbol]                       0x080052b0   Section        0  stm32f4xx_it.o(.text.NMI_Handler)
    [Anonymous Symbol]                       0x080052b4   Section        0  main.o(.text.OLED_Clear)
    [Anonymous Symbol]                       0x0800535c   Section        0  main.o(.text.OLED_Init)
    [Anonymous Symbol]                       0x080055dc   Section        0  main.o(.text.OLED_ShowChar)
    [Anonymous Symbol]                       0x08005864   Section        0  main.o(.text.OLED_ShowChinese)
    [Anonymous Symbol]                       0x08005c8c   Section        0  main.o(.text.OLED_Show_Normal_Mode)
    [Anonymous Symbol]                       0x08005dd4   Section        0  main.o(.text.OLED_Show_SafeMode_Text2_AutoWrap)
    [Anonymous Symbol]                       0x08005ebc   Section        0  stm32f4xx_it.o(.text.PendSV_Handler)
    [Anonymous Symbol]                       0x08005ec0   Section        0  stm32f4xx_it.o(.text.SPI1_IRQHandler)
    SPI_DMAAbortOnError                      0x08005ecd   Thumb Code    12  stm32f4xx_hal_spi.o(.text.SPI_DMAAbortOnError)
    [Anonymous Symbol]                       0x08005ecc   Section        0  stm32f4xx_hal_spi.o(.text.SPI_DMAAbortOnError)
    SPI_DMAError                             0x08005ed9   Thumb Code    30  stm32f4xx_hal_spi.o(.text.SPI_DMAError)
    [Anonymous Symbol]                       0x08005ed8   Section        0  stm32f4xx_hal_spi.o(.text.SPI_DMAError)
    SPI_DMAHalfTransmitCplt                  0x08005ef9   Thumb Code     6  stm32f4xx_hal_spi.o(.text.SPI_DMAHalfTransmitCplt)
    [Anonymous Symbol]                       0x08005ef8   Section        0  stm32f4xx_hal_spi.o(.text.SPI_DMAHalfTransmitCplt)
    SPI_DMATransmitCplt                      0x08005f01   Thumb Code   268  stm32f4xx_hal_spi.o(.text.SPI_DMATransmitCplt)
    [Anonymous Symbol]                       0x08005f00   Section        0  stm32f4xx_hal_spi.o(.text.SPI_DMATransmitCplt)
    SPI_WaitFlagStateUntilTimeout            0x0800600d   Thumb Code   292  stm32f4xx_hal_spi.o(.text.SPI_WaitFlagStateUntilTimeout)
    [Anonymous Symbol]                       0x0800600c   Section        0  stm32f4xx_hal_spi.o(.text.SPI_WaitFlagStateUntilTimeout)
    [Anonymous Symbol]                       0x08006130   Section        0  stm32f4xx_it.o(.text.SVC_Handler)
    [Anonymous Symbol]                       0x08006134   Section        0  stm32f4xx_it.o(.text.SysTick_Handler)
    [Anonymous Symbol]                       0x08006138   Section        0  main.o(.text.SystemClock_Config)
    [Anonymous Symbol]                       0x080061e0   Section        0  system_stm32f4xx.o(.text.SystemInit)
    UART_DMAAbortOnError                     0x080061f5   Thumb Code    10  stm32f4xx_hal_uart.o(.text.UART_DMAAbortOnError)
    [Anonymous Symbol]                       0x080061f4   Section        0  stm32f4xx_hal_uart.o(.text.UART_DMAAbortOnError)
    UART_DMAError                            0x08006201   Thumb Code   380  stm32f4xx_hal_uart.o(.text.UART_DMAError)
    [Anonymous Symbol]                       0x08006200   Section        0  stm32f4xx_hal_uart.o(.text.UART_DMAError)
    UART_DMAReceiveCplt                      0x0800637d   Thumb Code   350  stm32f4xx_hal_uart.o(.text.UART_DMAReceiveCplt)
    [Anonymous Symbol]                       0x0800637c   Section        0  stm32f4xx_hal_uart.o(.text.UART_DMAReceiveCplt)
    UART_DMARxHalfCplt                       0x080064dd   Thumb Code    24  stm32f4xx_hal_uart.o(.text.UART_DMARxHalfCplt)
    [Anonymous Symbol]                       0x080064dc   Section        0  stm32f4xx_hal_uart.o(.text.UART_DMARxHalfCplt)
    UART_Receive_IT                          0x080064f5   Thumb Code   254  stm32f4xx_hal_uart.o(.text.UART_Receive_IT)
    [Anonymous Symbol]                       0x080064f4   Section        0  stm32f4xx_hal_uart.o(.text.UART_Receive_IT)
    UART_SetConfig                           0x080065f5   Thumb Code   230  stm32f4xx_hal_uart.o(.text.UART_SetConfig)
    [Anonymous Symbol]                       0x080065f4   Section        0  stm32f4xx_hal_uart.o(.text.UART_SetConfig)
    [Anonymous Symbol]                       0x080066dc   Section        0  stm32f4xx_it.o(.text.USART2_IRQHandler)
    [Anonymous Symbol]                       0x080066e8   Section        0  stm32f4xx_it.o(.text.UsageFault_Handler)
    [Anonymous Symbol]                       0x080066ec   Section        0  main.o(.text.main)
    $v0                                      0x0800674a   Number         0  fpinit.o(x$fpl$fpinit)
    x$fpl$fpinit                             0x0800674a   Section       26  fpinit.o(x$fpl$fpinit)
    DMA_CalcBaseAndBitshift.flagBitshiftOffset 0x08006cc4   Data           8  stm32f4xx_hal_dma.o(.rodata.cst8)
    [Anonymous Symbol]                       0x08006cc4   Section        0  stm32f4xx_hal_dma.o(.rodata.cst8)
    .L_MergedGlobals                         0x20000000   Data           8  stm32f4xx_hal.o(.data..L_MergedGlobals)
    [Anonymous Symbol]                       0x20000000   Section        0  stm32f4xx_hal.o(.data..L_MergedGlobals)
    .bss                                     0x20000010   Section       96  libspace.o(.bss)
    .L_MergedGlobals                         0x20000070   Data          24  main.o(.bss..L_MergedGlobals)
    [Anonymous Symbol]                       0x20000070   Section        0  main.o(.bss..L_MergedGlobals)
    Key_Scan.key_last_tick                   0x20000074   Data           4  main.o(.bss..L_MergedGlobals)
    Heap_Mem                                 0x20000720   Data         512  startup_stm32f407xx.o(HEAP)
    HEAP                                     0x20000720   Section      512  startup_stm32f407xx.o(HEAP)
    Stack_Mem                                0x20000920   Data        1024  startup_stm32f407xx.o(STACK)
    STACK                                    0x20000920   Section     1024  startup_stm32f407xx.o(STACK)
    __initial_sp                             0x20000d20   Data           0  startup_stm32f407xx.o(STACK)

    Global Symbols

    Symbol Name                              Value     Ov Type        Size  Object(Section)

    BuildAttributes$$THM_ISAv4$E$P$D$K$B$S$7EM$VFPi3$EXTD16$VFPS$VFMA$PE$A:L22UL41UL21$X:L11$S22US41US21$IEEE1$IW$~IW$USESV6$~STKCKD$USESV7$~SHL$OTIME$ROPI$EBA8$UX$STANDARDLIB$REQ8$PRES8$EABIv2 0x00000000   Number         0  anon$$obj.o ABSOLUTE
    __ARM_exceptions_init                     - Undefined Weak Reference
    __alloca_initialize                       - Undefined Weak Reference
    __arm_preinit_                            - Undefined Weak Reference
    __arm_relocate_pie_                       - Undefined Weak Reference
    __cpp_initialize__aeabi_                  - Undefined Weak Reference
    __cxa_finalize                            - Undefined Weak Reference
    __rt_locale                               - Undefined Weak Reference
    __sigvec_lookup                           - Undefined Weak Reference
    _atexit_init                              - Undefined Weak Reference
    _call_atexit_fns                          - Undefined Weak Reference
    _clock_init                               - Undefined Weak Reference
    _fp_trap_init                             - Undefined Weak Reference
    _fp_trap_shutdown                         - Undefined Weak Reference
    _get_lc_collate                           - Undefined Weak Reference
    _get_lc_ctype                             - Undefined Weak Reference
    _get_lc_monetary                          - Undefined Weak Reference
    _get_lc_numeric                           - Undefined Weak Reference
    _get_lc_time                              - Undefined Weak Reference
    _getenv_init                              - Undefined Weak Reference
    _handle_redirection                       - Undefined Weak Reference
    _init_alloc                               - Undefined Weak Reference
    _init_user_alloc                          - Undefined Weak Reference
    _initio                                   - Undefined Weak Reference
    _rand_init                                - Undefined Weak Reference
    _signal_finish                            - Undefined Weak Reference
    _signal_init                              - Undefined Weak Reference
    _terminate_alloc                          - Undefined Weak Reference
    _terminate_user_alloc                     - Undefined Weak Reference
    _terminateio                              - Undefined Weak Reference
    __Vectors_Size                           0x00000188   Number         0  startup_stm32f407xx.o ABSOLUTE
    __Vectors                                0x08000000   Data           4  startup_stm32f407xx.o(RESET)
    __Vectors_End                            0x08000188   Data           0  startup_stm32f407xx.o(RESET)
    __main                                   0x08000189   Thumb Code     8  __main.o(!!!main)
    __scatterload                            0x08000191   Thumb Code     0  __scatter.o(!!!scatter)
    __scatterload_rt2                        0x08000191   Thumb Code    84  __scatter.o(!!!scatter)
    __scatterload_rt2_thumb_only             0x08000191   Thumb Code     0  __scatter.o(!!!scatter)
    __scatterload_loop                       0x0800019b   Thumb Code     0  __scatter.o(!!!scatter)
    __scatterload_copy                       0x080001ed   Thumb Code    26  __scatter_copy.o(!!handler_copy)
    __scatterload_null                       0x08000209   Thumb Code     2  __scatter.o(!!handler_null)
    __scatterload_zeroinit                   0x0800020d   Thumb Code    28  __scatter_zi.o(!!handler_zi)
    __rt_lib_init                            0x08000229   Thumb Code     0  libinit.o(.ARM.Collect$$libinit$$00000000)
    __rt_lib_init_fp_1                       0x0800022b   Thumb Code     0  libinit2.o(.ARM.Collect$$libinit$$00000001)
    __rt_lib_init_alloca_1                   0x0800022f   Thumb Code     0  libinit2.o(.ARM.Collect$$libinit$$00000030)
    __rt_lib_init_argv_1                     0x0800022f   Thumb Code     0  libinit2.o(.ARM.Collect$$libinit$$0000002E)
    __rt_lib_init_atexit_1                   0x0800022f   Thumb Code     0  libinit2.o(.ARM.Collect$$libinit$$0000001D)
    __rt_lib_init_clock_1                    0x0800022f   Thumb Code     0  libinit2.o(.ARM.Collect$$libinit$$00000023)
    __rt_lib_init_cpp_1                      0x0800022f   Thumb Code     0  libinit2.o(.ARM.Collect$$libinit$$00000034)
    __rt_lib_init_exceptions_1               0x0800022f   Thumb Code     0  libinit2.o(.ARM.Collect$$libinit$$00000032)
    __rt_lib_init_fp_trap_1                  0x0800022f   Thumb Code     0  libinit2.o(.ARM.Collect$$libinit$$00000021)
    __rt_lib_init_getenv_1                   0x0800022f   Thumb Code     0  libinit2.o(.ARM.Collect$$libinit$$00000025)
    __rt_lib_init_heap_1                     0x0800022f   Thumb Code     0  libinit2.o(.ARM.Collect$$libinit$$0000000C)
    __rt_lib_init_lc_collate_1               0x0800022f   Thumb Code     0  libinit2.o(.ARM.Collect$$libinit$$00000013)
    __rt_lib_init_lc_ctype_1                 0x0800022f   Thumb Code     0  libinit2.o(.ARM.Collect$$libinit$$00000015)
    __rt_lib_init_lc_monetary_1              0x0800022f   Thumb Code     0  libinit2.o(.ARM.Collect$$libinit$$00000017)
    __rt_lib_init_lc_numeric_1               0x0800022f   Thumb Code     0  libinit2.o(.ARM.Collect$$libinit$$00000019)
    __rt_lib_init_lc_time_1                  0x0800022f   Thumb Code     0  libinit2.o(.ARM.Collect$$libinit$$0000001B)
    __rt_lib_init_preinit_1                  0x0800022f   Thumb Code     0  libinit2.o(.ARM.Collect$$libinit$$00000006)
    __rt_lib_init_rand_1                     0x0800022f   Thumb Code     0  libinit2.o(.ARM.Collect$$libinit$$00000010)
    __rt_lib_init_relocate_pie_1             0x0800022f   Thumb Code     0  libinit2.o(.ARM.Collect$$libinit$$00000004)
    __rt_lib_init_return                     0x0800022f   Thumb Code     0  libinit2.o(.ARM.Collect$$libinit$$00000035)
    __rt_lib_init_signal_1                   0x0800022f   Thumb Code     0  libinit2.o(.ARM.Collect$$libinit$$0000001F)
    __rt_lib_init_stdio_1                    0x0800022f   Thumb Code     0  libinit2.o(.ARM.Collect$$libinit$$00000027)
    __rt_lib_init_user_alloc_1               0x0800022f   Thumb Code     0  libinit2.o(.ARM.Collect$$libinit$$0000000E)
    __rt_lib_shutdown                        0x08000231   Thumb Code     0  libshutdown.o(.ARM.Collect$$libshutdown$$00000000)
    __rt_lib_shutdown_cpp_1                  0x08000233   Thumb Code     0  libshutdown2.o(.ARM.Collect$$libshutdown$$00000002)
    __rt_lib_shutdown_fp_trap_1              0x08000233   Thumb Code     0  libshutdown2.o(.ARM.Collect$$libshutdown$$00000007)
    __rt_lib_shutdown_heap_1                 0x08000233   Thumb Code     0  libshutdown2.o(.ARM.Collect$$libshutdown$$0000000F)
    __rt_lib_shutdown_return                 0x08000233   Thumb Code     0  libshutdown2.o(.ARM.Collect$$libshutdown$$00000010)
    __rt_lib_shutdown_signal_1               0x08000233   Thumb Code     0  libshutdown2.o(.ARM.Collect$$libshutdown$$0000000A)
    __rt_lib_shutdown_stdio_1                0x08000233   Thumb Code     0  libshutdown2.o(.ARM.Collect$$libshutdown$$00000004)
    __rt_lib_shutdown_user_alloc_1           0x08000233   Thumb Code     0  libshutdown2.o(.ARM.Collect$$libshutdown$$0000000C)
    __rt_entry                               0x08000235   Thumb Code     0  __rtentry.o(.ARM.Collect$$rtentry$$00000000)
    __rt_entry_presh_1                       0x08000235   Thumb Code     0  __rtentry2.o(.ARM.Collect$$rtentry$$00000002)
    __rt_entry_sh                            0x08000235   Thumb Code     0  __rtentry4.o(.ARM.Collect$$rtentry$$00000004)
    __rt_entry_li                            0x0800023b   Thumb Code     0  __rtentry2.o(.ARM.Collect$$rtentry$$0000000A)
    __rt_entry_postsh_1                      0x0800023b   Thumb Code     0  __rtentry2.o(.ARM.Collect$$rtentry$$00000009)
    __rt_entry_main                          0x0800023f   Thumb Code     0  __rtentry2.o(.ARM.Collect$$rtentry$$0000000D)
    __rt_entry_postli_1                      0x0800023f   Thumb Code     0  __rtentry2.o(.ARM.Collect$$rtentry$$0000000C)
    __rt_exit                                0x08000247   Thumb Code     0  rtexit.o(.ARM.Collect$$rtexit$$00000000)
    __rt_exit_ls                             0x08000249   Thumb Code     0  rtexit2.o(.ARM.Collect$$rtexit$$00000003)
    __rt_exit_prels_1                        0x08000249   Thumb Code     0  rtexit2.o(.ARM.Collect$$rtexit$$00000002)
    __rt_exit_exit                           0x0800024d   Thumb Code     0  rtexit2.o(.ARM.Collect$$rtexit$$00000004)
    Reset_Handler                            0x08000255   Thumb Code     8  startup_stm32f407xx.o(.text)
    ADC_IRQHandler                           0x0800026f   Thumb Code     0  startup_stm32f407xx.o(.text)
    CAN1_RX0_IRQHandler                      0x0800026f   Thumb Code     0  startup_stm32f407xx.o(.text)
    CAN1_RX1_IRQHandler                      0x0800026f   Thumb Code     0  startup_stm32f407xx.o(.text)
    CAN1_SCE_IRQHandler                      0x0800026f   Thumb Code     0  startup_stm32f407xx.o(.text)
    CAN1_TX_IRQHandler                       0x0800026f   Thumb Code     0  startup_stm32f407xx.o(.text)
    CAN2_RX0_IRQHandler                      0x0800026f   Thumb Code     0  startup_stm32f407xx.o(.text)
    CAN2_RX1_IRQHandler                      0x0800026f   Thumb Code     0  startup_stm32f407xx.o(.text)
    CAN2_SCE_IRQHandler                      0x0800026f   Thumb Code     0  startup_stm32f407xx.o(.text)
    CAN2_TX_IRQHandler                       0x0800026f   Thumb Code     0  startup_stm32f407xx.o(.text)
    DCMI_IRQHandler                          0x0800026f   Thumb Code     0  startup_stm32f407xx.o(.text)
    DMA1_Stream0_IRQHandler                  0x0800026f   Thumb Code     0  startup_stm32f407xx.o(.text)
    DMA1_Stream1_IRQHandler                  0x0800026f   Thumb Code     0  startup_stm32f407xx.o(.text)
    DMA1_Stream2_IRQHandler                  0x0800026f   Thumb Code     0  startup_stm32f407xx.o(.text)
    DMA1_Stream3_IRQHandler                  0x0800026f   Thumb Code     0  startup_stm32f407xx.o(.text)
    DMA1_Stream4_IRQHandler                  0x0800026f   Thumb Code     0  startup_stm32f407xx.o(.text)
    DMA1_Stream7_IRQHandler                  0x0800026f   Thumb Code     0  startup_stm32f407xx.o(.text)
    DMA2_Stream1_IRQHandler                  0x0800026f   Thumb Code     0  startup_stm32f407xx.o(.text)
    DMA2_Stream2_IRQHandler                  0x0800026f   Thumb Code     0  startup_stm32f407xx.o(.text)
    DMA2_Stream4_IRQHandler                  0x0800026f   Thumb Code     0  startup_stm32f407xx.o(.text)
    DMA2_Stream5_IRQHandler                  0x0800026f   Thumb Code     0  startup_stm32f407xx.o(.text)
    DMA2_Stream6_IRQHandler                  0x0800026f   Thumb Code     0  startup_stm32f407xx.o(.text)
    DMA2_Stream7_IRQHandler                  0x0800026f   Thumb Code     0  startup_stm32f407xx.o(.text)
    ETH_IRQHandler                           0x0800026f   Thumb Code     0  startup_stm32f407xx.o(.text)
    ETH_WKUP_IRQHandler                      0x0800026f   Thumb Code     0  startup_stm32f407xx.o(.text)
    EXTI0_IRQHandler                         0x0800026f   Thumb Code     0  startup_stm32f407xx.o(.text)
    EXTI15_10_IRQHandler                     0x0800026f   Thumb Code     0  startup_stm32f407xx.o(.text)
    EXTI1_IRQHandler                         0x0800026f   Thumb Code     0  startup_stm32f407xx.o(.text)
    EXTI2_IRQHandler                         0x0800026f   Thumb Code     0  startup_stm32f407xx.o(.text)
    EXTI3_IRQHandler                         0x0800026f   Thumb Code     0  startup_stm32f407xx.o(.text)
    EXTI4_IRQHandler                         0x0800026f   Thumb Code     0  startup_stm32f407xx.o(.text)
    EXTI9_5_IRQHandler                       0x0800026f   Thumb Code     0  startup_stm32f407xx.o(.text)
    FLASH_IRQHandler                         0x0800026f   Thumb Code     0  startup_stm32f407xx.o(.text)
    FMC_IRQHandler                           0x0800026f   Thumb Code     0  startup_stm32f407xx.o(.text)
    FPU_IRQHandler                           0x0800026f   Thumb Code     0  startup_stm32f407xx.o(.text)
    HASH_RNG_IRQHandler                      0x0800026f   Thumb Code     0  startup_stm32f407xx.o(.text)
    I2C2_ER_IRQHandler                       0x0800026f   Thumb Code     0  startup_stm32f407xx.o(.text)
    I2C2_EV_IRQHandler                       0x0800026f   Thumb Code     0  startup_stm32f407xx.o(.text)
    I2C3_ER_IRQHandler                       0x0800026f   Thumb Code     0  startup_stm32f407xx.o(.text)
    I2C3_EV_IRQHandler                       0x0800026f   Thumb Code     0  startup_stm32f407xx.o(.text)
    OTG_FS_IRQHandler                        0x0800026f   Thumb Code     0  startup_stm32f407xx.o(.text)
    OTG_FS_WKUP_IRQHandler                   0x0800026f   Thumb Code     0  startup_stm32f407xx.o(.text)
    OTG_HS_EP1_IN_IRQHandler                 0x0800026f   Thumb Code     0  startup_stm32f407xx.o(.text)
    OTG_HS_EP1_OUT_IRQHandler                0x0800026f   Thumb Code     0  startup_stm32f407xx.o(.text)
    OTG_HS_IRQHandler                        0x0800026f   Thumb Code     0  startup_stm32f407xx.o(.text)
    OTG_HS_WKUP_IRQHandler                   0x0800026f   Thumb Code     0  startup_stm32f407xx.o(.text)
    PVD_IRQHandler                           0x0800026f   Thumb Code     0  startup_stm32f407xx.o(.text)
    RCC_IRQHandler                           0x0800026f   Thumb Code     0  startup_stm32f407xx.o(.text)
    RTC_Alarm_IRQHandler                     0x0800026f   Thumb Code     0  startup_stm32f407xx.o(.text)
    RTC_WKUP_IRQHandler                      0x0800026f   Thumb Code     0  startup_stm32f407xx.o(.text)
    SDIO_IRQHandler                          0x0800026f   Thumb Code     0  startup_stm32f407xx.o(.text)
    SPI2_IRQHandler                          0x0800026f   Thumb Code     0  startup_stm32f407xx.o(.text)
    SPI3_IRQHandler                          0x0800026f   Thumb Code     0  startup_stm32f407xx.o(.text)
    TAMP_STAMP_IRQHandler                    0x0800026f   Thumb Code     0  startup_stm32f407xx.o(.text)
    TIM1_BRK_TIM9_IRQHandler                 0x0800026f   Thumb Code     0  startup_stm32f407xx.o(.text)
    TIM1_CC_IRQHandler                       0x0800026f   Thumb Code     0  startup_stm32f407xx.o(.text)
    TIM1_TRG_COM_TIM11_IRQHandler            0x0800026f   Thumb Code     0  startup_stm32f407xx.o(.text)
    TIM1_UP_TIM10_IRQHandler                 0x0800026f   Thumb Code     0  startup_stm32f407xx.o(.text)
    TIM2_IRQHandler                          0x0800026f   Thumb Code     0  startup_stm32f407xx.o(.text)
    TIM3_IRQHandler                          0x0800026f   Thumb Code     0  startup_stm32f407xx.o(.text)
    TIM4_IRQHandler                          0x0800026f   Thumb Code     0  startup_stm32f407xx.o(.text)
    TIM5_IRQHandler                          0x0800026f   Thumb Code     0  startup_stm32f407xx.o(.text)
    TIM6_DAC_IRQHandler                      0x0800026f   Thumb Code     0  startup_stm32f407xx.o(.text)
    TIM7_IRQHandler                          0x0800026f   Thumb Code     0  startup_stm32f407xx.o(.text)
    TIM8_BRK_TIM12_IRQHandler                0x0800026f   Thumb Code     0  startup_stm32f407xx.o(.text)
    TIM8_CC_IRQHandler                       0x0800026f   Thumb Code     0  startup_stm32f407xx.o(.text)
    TIM8_TRG_COM_TIM14_IRQHandler            0x0800026f   Thumb Code     0  startup_stm32f407xx.o(.text)
    TIM8_UP_TIM13_IRQHandler                 0x0800026f   Thumb Code     0  startup_stm32f407xx.o(.text)
    UART4_IRQHandler                         0x0800026f   Thumb Code     0  startup_stm32f407xx.o(.text)
    UART5_IRQHandler                         0x0800026f   Thumb Code     0  startup_stm32f407xx.o(.text)
    USART1_IRQHandler                        0x0800026f   Thumb Code     0  startup_stm32f407xx.o(.text)
    USART3_IRQHandler                        0x0800026f   Thumb Code     0  startup_stm32f407xx.o(.text)
    USART6_IRQHandler                        0x0800026f   Thumb Code     0  startup_stm32f407xx.o(.text)
    WWDG_IRQHandler                          0x0800026f   Thumb Code     0  startup_stm32f407xx.o(.text)
    __user_initial_stackheap                 0x08000271   Thumb Code     0  startup_stm32f407xx.o(.text)
    __aeabi_uldivmod                         0x08000295   Thumb Code     0  lludivv7m.o(.text)
    _ll_udiv                                 0x08000295   Thumb Code   240  lludivv7m.o(.text)
    __aeabi_memclr4                          0x08000385   Thumb Code     0  rt_memclr_w.o(.text)
    __aeabi_memclr8                          0x08000385   Thumb Code     0  rt_memclr_w.o(.text)
    __rt_memclr_w                            0x08000385   Thumb Code     0  rt_memclr_w.o(.text)
    _memset_w                                0x08000389   Thumb Code    74  rt_memclr_w.o(.text)
    __use_two_region_memory                  0x080003d3   Thumb Code     2  heapauxi.o(.text)
    __rt_heap_escrow$2region                 0x080003d5   Thumb Code     2  heapauxi.o(.text)
    __rt_heap_expand$2region                 0x080003d7   Thumb Code     2  heapauxi.o(.text)
    __user_setup_stackheap                   0x080003d9   Thumb Code    74  sys_stackheap_outer.o(.text)
    exit                                     0x08000423   Thumb Code    18  exit.o(.text)
    __user_libspace                          0x08000435   Thumb Code     8  libspace.o(.text)
    __user_perproc_libspace                  0x08000435   Thumb Code     0  libspace.o(.text)
    __user_perthread_libspace                0x08000435   Thumb Code     0  libspace.o(.text)
    _sys_exit                                0x0800043d   Thumb Code     8  sys_exit.o(.text)
    __I$use$semihosting                      0x08000449   Thumb Code     0  use_no_semi.o(.text)
    __use_no_semihosting_swi                 0x08000449   Thumb Code     2  use_no_semi.o(.text)
    __semihosting_library_function           0x0800044b   Thumb Code     0  indicate_semi.o(.text)
    BusFault_Handler                         0x0800044d   Thumb Code     2  stm32f4xx_it.o(.text.BusFault_Handler)
    DMA1_Stream5_IRQHandler                  0x08000451   Thumb Code    12  stm32f4xx_it.o(.text.DMA1_Stream5_IRQHandler)
    DMA1_Stream6_IRQHandler                  0x0800045d   Thumb Code    12  stm32f4xx_it.o(.text.DMA1_Stream6_IRQHandler)
    DMA2_Stream0_IRQHandler                  0x08000469   Thumb Code    12  stm32f4xx_it.o(.text.DMA2_Stream0_IRQHandler)
    DMA2_Stream3_IRQHandler                  0x08000475   Thumb Code    12  stm32f4xx_it.o(.text.DMA2_Stream3_IRQHandler)
    DebugMon_Handler                         0x08000481   Thumb Code     2  stm32f4xx_it.o(.text.DebugMon_Handler)
    Display_Image_From_Flash                 0x08000485   Thumb Code   404  main.o(.text.Display_Image_From_Flash)
    Error_Handler                            0x08000619   Thumb Code     6  main.o(.text.Error_Handler)
    HAL_DMA_Abort                            0x08000621   Thumb Code   142  stm32f4xx_hal_dma.o(.text.HAL_DMA_Abort)
    HAL_DMA_Abort_IT                         0x080006b1   Thumb Code    36  stm32f4xx_hal_dma.o(.text.HAL_DMA_Abort_IT)
    HAL_DMA_GetState                         0x080006d5   Thumb Code     6  stm32f4xx_hal_dma.o(.text.HAL_DMA_GetState)
    HAL_DMA_IRQHandler                       0x080006dd   Thumb Code   452  stm32f4xx_hal_dma.o(.text.HAL_DMA_IRQHandler)
    HAL_DMA_Init                             0x080008a1   Thumb Code   354  stm32f4xx_hal_dma.o(.text.HAL_DMA_Init)
    HAL_DMA_Start_IT                         0x08000a05   Thumb Code   162  stm32f4xx_hal_dma.o(.text.HAL_DMA_Start_IT)
    HAL_Delay                                0x08000aa9   Thumb Code    40  stm32f4xx_hal.o(.text.HAL_Delay)
    HAL_GPIO_Init                            0x08000ad1   Thumb Code   414  stm32f4xx_hal_gpio.o(.text.HAL_GPIO_Init)
    HAL_GPIO_ReadPin                         0x08000c71   Thumb Code    10  stm32f4xx_hal_gpio.o(.text.HAL_GPIO_ReadPin)
    HAL_GPIO_WritePin                        0x08000c7d   Thumb Code    10  stm32f4xx_hal_gpio.o(.text.HAL_GPIO_WritePin)
    HAL_GetTick                              0x08000c89   Thumb Code    12  stm32f4xx_hal.o(.text.HAL_GetTick)
    HAL_I2C_AbortCpltCallback                0x08000c95   Thumb Code     2  stm32f4xx_hal_i2c.o(.text.HAL_I2C_AbortCpltCallback)
    HAL_I2C_AddrCallback                     0x08000c99   Thumb Code     2  stm32f4xx_hal_i2c.o(.text.HAL_I2C_AddrCallback)
    HAL_I2C_ER_IRQHandler                    0x08000c9d   Thumb Code   336  stm32f4xx_hal_i2c.o(.text.HAL_I2C_ER_IRQHandler)
    HAL_I2C_EV_IRQHandler                    0x08000ded   Thumb Code  1540  stm32f4xx_hal_i2c.o(.text.HAL_I2C_EV_IRQHandler)
    HAL_I2C_ErrorCallback                    0x080013f1   Thumb Code     2  stm32f4xx_hal_i2c.o(.text.HAL_I2C_ErrorCallback)
    HAL_I2C_Init                             0x080013f5   Thumb Code   356  stm32f4xx_hal_i2c.o(.text.HAL_I2C_Init)
    HAL_I2C_ListenCpltCallback               0x08001559   Thumb Code     2  stm32f4xx_hal_i2c.o(.text.HAL_I2C_ListenCpltCallback)
    HAL_I2C_MasterRxCpltCallback             0x0800155d   Thumb Code     2  stm32f4xx_hal_i2c.o(.text.HAL_I2C_MasterRxCpltCallback)
    HAL_I2C_MasterTxCpltCallback             0x08001561   Thumb Code     2  stm32f4xx_hal_i2c.o(.text.HAL_I2C_MasterTxCpltCallback)
    HAL_I2C_MemRxCpltCallback                0x08001565   Thumb Code     2  stm32f4xx_hal_i2c.o(.text.HAL_I2C_MemRxCpltCallback)
    HAL_I2C_MemTxCpltCallback                0x08001569   Thumb Code     2  stm32f4xx_hal_i2c.o(.text.HAL_I2C_MemTxCpltCallback)
    HAL_I2C_Mem_Write                        0x0800156d   Thumb Code   348  stm32f4xx_hal_i2c.o(.text.HAL_I2C_Mem_Write)
    HAL_I2C_MspInit                          0x080016c9   Thumb Code   208  i2c.o(.text.HAL_I2C_MspInit)
    HAL_I2C_SlaveRxCpltCallback              0x08001799   Thumb Code     2  stm32f4xx_hal_i2c.o(.text.HAL_I2C_SlaveRxCpltCallback)
    HAL_I2C_SlaveTxCpltCallback              0x0800179d   Thumb Code     2  stm32f4xx_hal_i2c.o(.text.HAL_I2C_SlaveTxCpltCallback)
    HAL_IncTick                              0x080017a1   Thumb Code    26  stm32f4xx_hal.o(.text.HAL_IncTick)
    HAL_Init                                 0x080017bd   Thumb Code    54  stm32f4xx_hal.o(.text.HAL_Init)
    HAL_InitTick                             0x080017f5   Thumb Code    72  stm32f4xx_hal.o(.text.HAL_InitTick)
    HAL_MspInit                              0x0800183d   Thumb Code    56  stm32f4xx_hal_msp.o(.text.HAL_MspInit)
    HAL_NVIC_EnableIRQ                       0x08001875   Thumb Code    34  stm32f4xx_hal_cortex.o(.text.HAL_NVIC_EnableIRQ)
    HAL_NVIC_SetPriority                     0x08001899   Thumb Code    86  stm32f4xx_hal_cortex.o(.text.HAL_NVIC_SetPriority)
    HAL_NVIC_SetPriorityGrouping             0x080018f1   Thumb Code    32  stm32f4xx_hal_cortex.o(.text.HAL_NVIC_SetPriorityGrouping)
    HAL_RCC_ClockConfig                      0x08001911   Thumb Code   356  stm32f4xx_hal_rcc.o(.text.HAL_RCC_ClockConfig)
    HAL_RCC_GetPCLK1Freq                     0x08001a75   Thumb Code    38  stm32f4xx_hal_rcc.o(.text.HAL_RCC_GetPCLK1Freq)
    HAL_RCC_GetPCLK2Freq                     0x08001a9d   Thumb Code    38  stm32f4xx_hal_rcc.o(.text.HAL_RCC_GetPCLK2Freq)
    HAL_RCC_GetSysClockFreq                  0x08001ac5   Thumb Code   112  stm32f4xx_hal_rcc.o(.text.HAL_RCC_GetSysClockFreq)
    HAL_RCC_OscConfig                        0x08001b35   Thumb Code   940  stm32f4xx_hal_rcc.o(.text.HAL_RCC_OscConfig)
    HAL_SPI_ErrorCallback                    0x08001ee1   Thumb Code     2  stm32f4xx_hal_spi.o(.text.HAL_SPI_ErrorCallback)
    HAL_SPI_IRQHandler                       0x08001ee5   Thumb Code   302  stm32f4xx_hal_spi.o(.text.HAL_SPI_IRQHandler)
    HAL_SPI_Init                             0x08002015   Thumb Code   176  stm32f4xx_hal_spi.o(.text.HAL_SPI_Init)
    HAL_SPI_MspInit                          0x080020c5   Thumb Code   412  spi.o(.text.HAL_SPI_MspInit)
    HAL_SPI_Receive                          0x08002261   Thumb Code   512  stm32f4xx_hal_spi.o(.text.HAL_SPI_Receive)
    HAL_SPI_Transmit                         0x08002461   Thumb Code   628  stm32f4xx_hal_spi.o(.text.HAL_SPI_Transmit)
    HAL_SPI_TransmitReceive                  0x080026d5   Thumb Code   832  stm32f4xx_hal_spi.o(.text.HAL_SPI_TransmitReceive)
    HAL_SPI_Transmit_DMA                     0x08002a15   Thumb Code   222  stm32f4xx_hal_spi.o(.text.HAL_SPI_Transmit_DMA)
    HAL_SPI_TxCpltCallback                   0x08002af5   Thumb Code    30  main.o(.text.HAL_SPI_TxCpltCallback)
    HAL_SPI_TxHalfCpltCallback               0x08002b15   Thumb Code     2  stm32f4xx_hal_spi.o(.text.HAL_SPI_TxHalfCpltCallback)
    HAL_SYSTICK_Config                       0x08002b19   Thumb Code    44  stm32f4xx_hal_cortex.o(.text.HAL_SYSTICK_Config)
    HAL_UARTEx_RxEventCallback               0x08002b45   Thumb Code     2  stm32f4xx_hal_uart.o(.text.HAL_UARTEx_RxEventCallback)
    HAL_UART_ErrorCallback                   0x08002b49   Thumb Code     2  stm32f4xx_hal_uart.o(.text.HAL_UART_ErrorCallback)
    HAL_UART_IRQHandler                      0x08002b4d   Thumb Code  1428  stm32f4xx_hal_uart.o(.text.HAL_UART_IRQHandler)
    HAL_UART_Init                            0x080030e1   Thumb Code    96  stm32f4xx_hal_uart.o(.text.HAL_UART_Init)
    HAL_UART_MspInit                         0x08003141   Thumb Code   196  usart.o(.text.HAL_UART_MspInit)
    HAL_UART_Receive_DMA                     0x08003205   Thumb Code   384  stm32f4xx_hal_uart.o(.text.HAL_UART_Receive_DMA)
    HAL_UART_RxCpltCallback                  0x08003385   Thumb Code    30  main.o(.text.HAL_UART_RxCpltCallback)
    HAL_UART_RxHalfCpltCallback              0x080033a5   Thumb Code     2  stm32f4xx_hal_uart.o(.text.HAL_UART_RxHalfCpltCallback)
    HAL_UART_Transmit                        0x080033a9   Thumb Code   402  stm32f4xx_hal_uart.o(.text.HAL_UART_Transmit)
    HAL_UART_TxCpltCallback                  0x0800353d   Thumb Code     2  stm32f4xx_hal_uart.o(.text.HAL_UART_TxCpltCallback)
    HardFault_Handler                        0x08003541   Thumb Code     2  stm32f4xx_it.o(.text.HardFault_Handler)
    I2C1_ER_IRQHandler                       0x08003545   Thumb Code    12  stm32f4xx_it.o(.text.I2C1_ER_IRQHandler)
    I2C1_EV_IRQHandler                       0x08003551   Thumb Code    12  stm32f4xx_it.o(.text.I2C1_EV_IRQHandler)
    Key_Scan                                 0x0800411d   Thumb Code   560  main.o(.text.Key_Scan)
    LCD_Init                                 0x0800434d   Thumb Code  2920  main.o(.text.LCD_Init)
    LCD_Set_Window                           0x08004eb5   Thumb Code   392  main.o(.text.LCD_Set_Window)
    MX_DMA_Init                              0x0800503d   Thumb Code   124  dma.o(.text.MX_DMA_Init)
    MX_GPIO_Init                             0x080050b9   Thumb Code   228  gpio.o(.text.MX_GPIO_Init)
    MX_I2C1_Init                             0x0800519d   Thumb Code    66  i2c.o(.text.MX_I2C1_Init)
    MX_SPI1_Init                             0x080051e1   Thumb Code    70  spi.o(.text.MX_SPI1_Init)
    MX_SPI2_Init                             0x08005229   Thumb Code    70  spi.o(.text.MX_SPI2_Init)
    MX_USART2_UART_Init                      0x08005271   Thumb Code    60  usart.o(.text.MX_USART2_UART_Init)
    MemManage_Handler                        0x080052ad   Thumb Code     2  stm32f4xx_it.o(.text.MemManage_Handler)
    NMI_Handler                              0x080052b1   Thumb Code     2  stm32f4xx_it.o(.text.NMI_Handler)
    OLED_Clear                               0x080052b5   Thumb Code   168  main.o(.text.OLED_Clear)
    OLED_Init                                0x0800535d   Thumb Code   640  main.o(.text.OLED_Init)
    OLED_ShowChar                            0x080055dd   Thumb Code   648  main.o(.text.OLED_ShowChar)
    OLED_ShowChinese                         0x08005865   Thumb Code  1064  main.o(.text.OLED_ShowChinese)
    OLED_Show_Normal_Mode                    0x08005c8d   Thumb Code   328  main.o(.text.OLED_Show_Normal_Mode)
    OLED_Show_SafeMode_Text2_AutoWrap        0x08005dd5   Thumb Code   230  main.o(.text.OLED_Show_SafeMode_Text2_AutoWrap)
    PendSV_Handler                           0x08005ebd   Thumb Code     2  stm32f4xx_it.o(.text.PendSV_Handler)
    SPI1_IRQHandler                          0x08005ec1   Thumb Code    12  stm32f4xx_it.o(.text.SPI1_IRQHandler)
    SVC_Handler                              0x08006131   Thumb Code     2  stm32f4xx_it.o(.text.SVC_Handler)
    SysTick_Handler                          0x08006135   Thumb Code     4  stm32f4xx_it.o(.text.SysTick_Handler)
    SystemClock_Config                       0x08006139   Thumb Code   168  main.o(.text.SystemClock_Config)
    SystemInit                               0x080061e1   Thumb Code    18  system_stm32f4xx.o(.text.SystemInit)
    USART2_IRQHandler                        0x080066dd   Thumb Code    12  stm32f4xx_it.o(.text.USART2_IRQHandler)
    UsageFault_Handler                       0x080066e9   Thumb Code     2  stm32f4xx_it.o(.text.UsageFault_Handler)
    main                                     0x080066ed   Thumb Code    94  main.o(.text.main)
    _fp_init                                 0x0800674b   Thumb Code    26  fpinit.o(x$fpl$fpinit)
    __fplib_config_fpu_vfp                   0x08006763   Thumb Code     0  fpinit.o(x$fpl$fpinit)
    __fplib_config_pureend_doubles           0x08006763   Thumb Code     0  fpinit.o(x$fpl$fpinit)
    AHBPrescTable                            0x08006764   Data          16  system_stm32f4xx.o(.rodata.AHBPrescTable)
    APBPrescTable                            0x08006774   Data           8  system_stm32f4xx.o(.rodata.APBPrescTable)
    Font_ASCII                               0x0800677c   Data         128  main.o(.rodata.Font_ASCII)
    Font_ImageLine                           0x080067fc   Data         128  main.o(.rodata.Font_ImageLine)
    Font_MusicLine                           0x0800687c   Data         160  main.o(.rodata.Font_MusicLine)
    Font_SafeLine                            0x0800691c   Data         192  main.o(.rodata.Font_SafeLine)
    Font_Text1                               0x080069dc   Data         160  main.o(.rodata.Font_Text1)
    Font_Text2                               0x08006a7c   Data         576  main.o(.rodata.Font_Text2)
    NUM_MAP                                  0x08006cbc   Data           8  main.o(.rodata.NUM_MAP)
    Region$$Table$$Base                      0x08006ccc   Number         0  anon$$obj.o(Region$$Table)
    Region$$Table$$Limit                     0x08006cec   Number         0  anon$$obj.o(Region$$Table)
    uwTickFreq                               0x20000000   Data           1  stm32f4xx_hal.o(.data..L_MergedGlobals)
    uwTickPrio                               0x20000004   Data           4  stm32f4xx_hal.o(.data..L_MergedGlobals)
    SystemCoreClock                          0x20000008   Data           4  system_stm32f4xx.o(.data.SystemCoreClock)
    __libspace_start                         0x20000010   Data          96  libspace.o(.bss)
    __temporary_stack_top$libspace           0x20000070   Data           0  libspace.o(.bss)
    current_img_index                        0x20000070   Data           1  main.o(.bss..L_MergedGlobals)
    safe_mode_flag                           0x20000071   Data           1  main.o(.bss..L_MergedGlobals)
    music_status                             0x20000072   Data           1  main.o(.bss..L_MergedGlobals)
    mp3_rx_buf                               0x20000078   Data          16  main.o(.bss..L_MergedGlobals)
    hdma_i2c1_tx                             0x20000088   Data          96  i2c.o(.bss.hdma_i2c1_tx)
    hdma_spi1_rx                             0x200000e8   Data          96  spi.o(.bss.hdma_spi1_rx)
    hdma_spi1_tx                             0x20000148   Data          96  spi.o(.bss.hdma_spi1_tx)
    hdma_usart2_rx                           0x200001a8   Data          96  usart.o(.bss.hdma_usart2_rx)
    hi2c1                                    0x20000208   Data          84  i2c.o(.bss.hi2c1)
    hspi1                                    0x2000025c   Data          88  spi.o(.bss.hspi1)
    hspi2                                    0x200002b4   Data          88  spi.o(.bss.hspi2)
    huart2                                   0x2000030c   Data          72  usart.o(.bss.huart2)
    line_buffer1                             0x20000354   Data         480  main.o(.bss.line_buffer1)
    line_buffer2                             0x20000534   Data         480  main.o(.bss.line_buffer2)
    mp3_rx_flag                              0x20000714   Data           1  main.o(.bss.mp3_rx_flag)
    spi_dma_tx_complete                      0x20000715   Data           1  main.o(.bss.spi_dma_tx_complete)
    uwTick                                   0x20000718   Data           4  stm32f4xx_hal.o(.bss.uwTick)



==============================================================================

Memory Map of the image

  Image Entry point : 0x08000189

  Load Region LR_IROM1 (Base: 0x08000000, Size: 0x00006d00, Max: 0x00080000, ABSOLUTE)

    Execution Region ER_IROM1 (Exec base: 0x08000000, Load base: 0x08000000, Size: 0x00006cec, Max: 0x00080000, ABSOLUTE)

    Exec Addr    Load Addr    Size         Type   Attr      Idx    E Section Name        Object

    0x08000000   0x08000000   0x00000188   Data   RO            3    RESET               startup_stm32f407xx.o
    0x08000188   0x08000188   0x00000008   Code   RO          995  * !!!main             c_w.l(__main.o)
    0x08000190   0x08000190   0x0000005c   Code   RO         1170    !!!scatter          c_w.l(__scatter.o)
    0x080001ec   0x080001ec   0x0000001a   Code   RO         1174    !!handler_copy      c_w.l(__scatter_copy.o)
    0x08000206   0x08000206   0x00000002   PAD
    0x08000208   0x08000208   0x00000002   Code   RO         1171    !!handler_null      c_w.l(__scatter.o)
    0x0800020a   0x0800020a   0x00000002   PAD
    0x0800020c   0x0800020c   0x0000001c   Code   RO         1176    !!handler_zi        c_w.l(__scatter_zi.o)
    0x08000228   0x08000228   0x00000002   Code   RO         1032    .ARM.Collect$$libinit$$00000000  c_w.l(libinit.o)
    0x0800022a   0x0800022a   0x00000004   Code   RO         1044    .ARM.Collect$$libinit$$00000001  c_w.l(libinit2.o)
    0x0800022e   0x0800022e   0x00000000   Code   RO         1047    .ARM.Collect$$libinit$$00000004  c_w.l(libinit2.o)
    0x0800022e   0x0800022e   0x00000000   Code   RO         1049    .ARM.Collect$$libinit$$00000006  c_w.l(libinit2.o)
    0x0800022e   0x0800022e   0x00000000   Code   RO         1052    .ARM.Collect$$libinit$$0000000C  c_w.l(libinit2.o)
    0x0800022e   0x0800022e   0x00000000   Code   RO         1054    .ARM.Collect$$libinit$$0000000E  c_w.l(libinit2.o)
    0x0800022e   0x0800022e   0x00000000   Code   RO         1056    .ARM.Collect$$libinit$$00000010  c_w.l(libinit2.o)
    0x0800022e   0x0800022e   0x00000000   Code   RO         1059    .ARM.Collect$$libinit$$00000013  c_w.l(libinit2.o)
    0x0800022e   0x0800022e   0x00000000   Code   RO         1061    .ARM.Collect$$libinit$$00000015  c_w.l(libinit2.o)
    0x0800022e   0x0800022e   0x00000000   Code   RO         1063    .ARM.Collect$$libinit$$00000017  c_w.l(libinit2.o)
    0x0800022e   0x0800022e   0x00000000   Code   RO         1065    .ARM.Collect$$libinit$$00000019  c_w.l(libinit2.o)
    0x0800022e   0x0800022e   0x00000000   Code   RO         1067    .ARM.Collect$$libinit$$0000001B  c_w.l(libinit2.o)
    0x0800022e   0x0800022e   0x00000000   Code   RO         1069    .ARM.Collect$$libinit$$0000001D  c_w.l(libinit2.o)
    0x0800022e   0x0800022e   0x00000000   Code   RO         1071    .ARM.Collect$$libinit$$0000001F  c_w.l(libinit2.o)
    0x0800022e   0x0800022e   0x00000000   Code   RO         1073    .ARM.Collect$$libinit$$00000021  c_w.l(libinit2.o)
    0x0800022e   0x0800022e   0x00000000   Code   RO         1075    .ARM.Collect$$libinit$$00000023  c_w.l(libinit2.o)
    0x0800022e   0x0800022e   0x00000000   Code   RO         1077    .ARM.Collect$$libinit$$00000025  c_w.l(libinit2.o)
    0x0800022e   0x0800022e   0x00000000   Code   RO         1079    .ARM.Collect$$libinit$$00000027  c_w.l(libinit2.o)
    0x0800022e   0x0800022e   0x00000000   Code   RO         1083    .ARM.Collect$$libinit$$0000002E  c_w.l(libinit2.o)
    0x0800022e   0x0800022e   0x00000000   Code   RO         1085    .ARM.Collect$$libinit$$00000030  c_w.l(libinit2.o)
    0x0800022e   0x0800022e   0x00000000   Code   RO         1087    .ARM.Collect$$libinit$$00000032  c_w.l(libinit2.o)
    0x0800022e   0x0800022e   0x00000000   Code   RO         1089    .ARM.Collect$$libinit$$00000034  c_w.l(libinit2.o)
    0x0800022e   0x0800022e   0x00000002   Code   RO         1090    .ARM.Collect$$libinit$$00000035  c_w.l(libinit2.o)
    0x08000230   0x08000230   0x00000002   Code   RO         1125    .ARM.Collect$$libshutdown$$00000000  c_w.l(libshutdown.o)
    0x08000232   0x08000232   0x00000000   Code   RO         1153    .ARM.Collect$$libshutdown$$00000002  c_w.l(libshutdown2.o)
    0x08000232   0x08000232   0x00000000   Code   RO         1155    .ARM.Collect$$libshutdown$$00000004  c_w.l(libshutdown2.o)
    0x08000232   0x08000232   0x00000000   Code   RO         1158    .ARM.Collect$$libshutdown$$00000007  c_w.l(libshutdown2.o)
    0x08000232   0x08000232   0x00000000   Code   RO         1161    .ARM.Collect$$libshutdown$$0000000A  c_w.l(libshutdown2.o)
    0x08000232   0x08000232   0x00000000   Code   RO         1163    .ARM.Collect$$libshutdown$$0000000C  c_w.l(libshutdown2.o)
    0x08000232   0x08000232   0x00000000   Code   RO         1166    .ARM.Collect$$libshutdown$$0000000F  c_w.l(libshutdown2.o)
    0x08000232   0x08000232   0x00000002   Code   RO         1167    .ARM.Collect$$libshutdown$$00000010  c_w.l(libshutdown2.o)
    0x08000234   0x08000234   0x00000000   Code   RO          997    .ARM.Collect$$rtentry$$00000000  c_w.l(__rtentry.o)
    0x08000234   0x08000234   0x00000000   Code   RO         1003    .ARM.Collect$$rtentry$$00000002  c_w.l(__rtentry2.o)
    0x08000234   0x08000234   0x00000006   Code   RO         1015    .ARM.Collect$$rtentry$$00000004  c_w.l(__rtentry4.o)
    0x0800023a   0x0800023a   0x00000000   Code   RO         1005    .ARM.Collect$$rtentry$$00000009  c_w.l(__rtentry2.o)
    0x0800023a   0x0800023a   0x00000004   Code   RO         1006    .ARM.Collect$$rtentry$$0000000A  c_w.l(__rtentry2.o)
    0x0800023e   0x0800023e   0x00000000   Code   RO         1008    .ARM.Collect$$rtentry$$0000000C  c_w.l(__rtentry2.o)
    0x0800023e   0x0800023e   0x00000008   Code   RO         1009    .ARM.Collect$$rtentry$$0000000D  c_w.l(__rtentry2.o)
    0x08000246   0x08000246   0x00000002   Code   RO         1036    .ARM.Collect$$rtexit$$00000000  c_w.l(rtexit.o)
    0x08000248   0x08000248   0x00000000   Code   RO         1096    .ARM.Collect$$rtexit$$00000002  c_w.l(rtexit2.o)
    0x08000248   0x08000248   0x00000004   Code   RO         1097    .ARM.Collect$$rtexit$$00000003  c_w.l(rtexit2.o)
    0x0800024c   0x0800024c   0x00000006   Code   RO         1098    .ARM.Collect$$rtexit$$00000004  c_w.l(rtexit2.o)
    0x08000252   0x08000252   0x00000002   PAD
    0x08000254   0x08000254   0x00000040   Code   RO            4    .text               startup_stm32f407xx.o
    0x08000294   0x08000294   0x000000f0   Code   RO          989    .text               c_w.l(lludivv7m.o)
    0x08000384   0x08000384   0x0000004e   Code   RO          991    .text               c_w.l(rt_memclr_w.o)
    0x080003d2   0x080003d2   0x00000006   Code   RO          993    .text               c_w.l(heapauxi.o)
    0x080003d8   0x080003d8   0x0000004a   Code   RO         1019    .text               c_w.l(sys_stackheap_outer.o)
    0x08000422   0x08000422   0x00000012   Code   RO         1021    .text               c_w.l(exit.o)
    0x08000434   0x08000434   0x00000008   Code   RO         1033    .text               c_w.l(libspace.o)
    0x0800043c   0x0800043c   0x0000000c   Code   RO         1091    .text               c_w.l(sys_exit.o)
    0x08000448   0x08000448   0x00000002   Code   RO         1114    .text               c_w.l(use_no_semi.o)
    0x0800044a   0x0800044a   0x00000000   Code   RO         1116    .text               c_w.l(indicate_semi.o)
    0x0800044a   0x0800044a   0x00000002   PAD
    0x0800044c   0x0800044c   0x00000002   Code   RO          170    .text.BusFault_Handler  stm32f4xx_it.o
    0x0800044e   0x0800044e   0x00000002   PAD
    0x08000450   0x08000450   0x0000000c   Code   RO          182    .text.DMA1_Stream5_IRQHandler  stm32f4xx_it.o
    0x0800045c   0x0800045c   0x0000000c   Code   RO          184    .text.DMA1_Stream6_IRQHandler  stm32f4xx_it.o
    0x08000468   0x08000468   0x0000000c   Code   RO          194    .text.DMA2_Stream0_IRQHandler  stm32f4xx_it.o
    0x08000474   0x08000474   0x0000000c   Code   RO          196    .text.DMA2_Stream3_IRQHandler  stm32f4xx_it.o
    0x08000480   0x08000480   0x00000002   Code   RO          176    .text.DebugMon_Handler  stm32f4xx_it.o
    0x08000482   0x08000482   0x00000002   PAD
    0x08000484   0x08000484   0x00000194   Code   RO           23    .text.Display_Image_From_Flash  main.o
    0x08000618   0x08000618   0x00000006   Code   RO           71    .text.Error_Handler  main.o
    0x0800061e   0x0800061e   0x00000002   PAD
    0x08000620   0x08000620   0x0000008e   Code   RO          508    .text.HAL_DMA_Abort  stm32f4xx_hal_dma.o
    0x080006ae   0x080006ae   0x00000002   PAD
    0x080006b0   0x080006b0   0x00000024   Code   RO          510    .text.HAL_DMA_Abort_IT  stm32f4xx_hal_dma.o
    0x080006d4   0x080006d4   0x00000006   Code   RO          520    .text.HAL_DMA_GetState  stm32f4xx_hal_dma.o
    0x080006da   0x080006da   0x00000002   PAD
    0x080006dc   0x080006dc   0x000001c4   Code   RO          514    .text.HAL_DMA_IRQHandler  stm32f4xx_hal_dma.o
    0x080008a0   0x080008a0   0x00000162   Code   RO          500    .text.HAL_DMA_Init  stm32f4xx_hal_dma.o
    0x08000a02   0x08000a02   0x00000002   PAD
    0x08000a04   0x08000a04   0x000000a2   Code   RO          506    .text.HAL_DMA_Start_IT  stm32f4xx_hal_dma.o
    0x08000aa6   0x08000aa6   0x00000002   PAD
    0x08000aa8   0x08000aa8   0x00000028   Code   RO          667    .text.HAL_Delay     stm32f4xx_hal.o
    0x08000ad0   0x08000ad0   0x0000019e   Code   RO          462    .text.HAL_GPIO_Init  stm32f4xx_hal_gpio.o
    0x08000c6e   0x08000c6e   0x00000002   PAD
    0x08000c70   0x08000c70   0x0000000a   Code   RO          466    .text.HAL_GPIO_ReadPin  stm32f4xx_hal_gpio.o
    0x08000c7a   0x08000c7a   0x00000002   PAD
    0x08000c7c   0x08000c7c   0x0000000a   Code   RO          468    .text.HAL_GPIO_WritePin  stm32f4xx_hal_gpio.o
    0x08000c86   0x08000c86   0x00000002   PAD
    0x08000c88   0x08000c88   0x0000000c   Code   RO          659    .text.HAL_GetTick   stm32f4xx_hal.o
    0x08000c94   0x08000c94   0x00000002   Code   RO          333    .text.HAL_I2C_AbortCpltCallback  stm32f4xx_hal_i2c.o
    0x08000c96   0x08000c96   0x00000002   PAD
    0x08000c98   0x08000c98   0x00000002   Code   RO          323    .text.HAL_I2C_AddrCallback  stm32f4xx_hal_i2c.o
    0x08000c9a   0x08000c9a   0x00000002   PAD
    0x08000c9c   0x08000c9c   0x00000150   Code   RO          313    .text.HAL_I2C_ER_IRQHandler  stm32f4xx_hal_i2c.o
    0x08000dec   0x08000dec   0x00000604   Code   RO          301    .text.HAL_I2C_EV_IRQHandler  stm32f4xx_hal_i2c.o
    0x080013f0   0x080013f0   0x00000002   Code   RO          331    .text.HAL_I2C_ErrorCallback  stm32f4xx_hal_i2c.o
    0x080013f2   0x080013f2   0x00000002   PAD
    0x080013f4   0x080013f4   0x00000164   Code   RO          213    .text.HAL_I2C_Init  stm32f4xx_hal_i2c.o
    0x08001558   0x08001558   0x00000002   Code   RO          325    .text.HAL_I2C_ListenCpltCallback  stm32f4xx_hal_i2c.o
    0x0800155a   0x0800155a   0x00000002   PAD
    0x0800155c   0x0800155c   0x00000002   Code   RO          317    .text.HAL_I2C_MasterRxCpltCallback  stm32f4xx_hal_i2c.o
    0x0800155e   0x0800155e   0x00000002   PAD
    0x08001560   0x08001560   0x00000002   Code   RO          315    .text.HAL_I2C_MasterTxCpltCallback  stm32f4xx_hal_i2c.o
    0x08001562   0x08001562   0x00000002   PAD
    0x08001564   0x08001564   0x00000002   Code   RO          329    .text.HAL_I2C_MemRxCpltCallback  stm32f4xx_hal_i2c.o
    0x08001566   0x08001566   0x00000002   PAD
    0x08001568   0x08001568   0x00000002   Code   RO          327    .text.HAL_I2C_MemTxCpltCallback  stm32f4xx_hal_i2c.o
    0x0800156a   0x0800156a   0x00000002   PAD
    0x0800156c   0x0800156c   0x0000015c   Code   RO          257    .text.HAL_I2C_Mem_Write  stm32f4xx_hal_i2c.o
    0x080016c8   0x080016c8   0x000000d0   Code   RO          114    .text.HAL_I2C_MspInit  i2c.o
    0x08001798   0x08001798   0x00000002   Code   RO          321    .text.HAL_I2C_SlaveRxCpltCallback  stm32f4xx_hal_i2c.o
    0x0800179a   0x0800179a   0x00000002   PAD
    0x0800179c   0x0800179c   0x00000002   Code   RO          319    .text.HAL_I2C_SlaveTxCpltCallback  stm32f4xx_hal_i2c.o
    0x0800179e   0x0800179e   0x00000002   PAD
    0x080017a0   0x080017a0   0x0000001a   Code   RO          657    .text.HAL_IncTick   stm32f4xx_hal.o
    0x080017ba   0x080017ba   0x00000002   PAD
    0x080017bc   0x080017bc   0x00000036   Code   RO          647    .text.HAL_Init      stm32f4xx_hal.o
    0x080017f2   0x080017f2   0x00000002   PAD
    0x080017f4   0x080017f4   0x00000048   Code   RO          649    .text.HAL_InitTick  stm32f4xx_hal.o
    0x0800183c   0x0800183c   0x00000038   Code   RO          205    .text.HAL_MspInit   stm32f4xx_hal_msp.o
    0x08001874   0x08001874   0x00000022   Code   RO          599    .text.HAL_NVIC_EnableIRQ  stm32f4xx_hal_cortex.o
    0x08001896   0x08001896   0x00000002   PAD
    0x08001898   0x08001898   0x00000056   Code   RO          597    .text.HAL_NVIC_SetPriority  stm32f4xx_hal_cortex.o
    0x080018ee   0x080018ee   0x00000002   PAD
    0x080018f0   0x080018f0   0x00000020   Code   RO          595    .text.HAL_NVIC_SetPriorityGrouping  stm32f4xx_hal_cortex.o
    0x08001910   0x08001910   0x00000164   Code   RO          356    .text.HAL_RCC_ClockConfig  stm32f4xx_hal_rcc.o
    0x08001a74   0x08001a74   0x00000026   Code   RO          368    .text.HAL_RCC_GetPCLK1Freq  stm32f4xx_hal_rcc.o
    0x08001a9a   0x08001a9a   0x00000002   PAD
    0x08001a9c   0x08001a9c   0x00000026   Code   RO          370    .text.HAL_RCC_GetPCLK2Freq  stm32f4xx_hal_rcc.o
    0x08001ac2   0x08001ac2   0x00000002   PAD
    0x08001ac4   0x08001ac4   0x00000070   Code   RO          358    .text.HAL_RCC_GetSysClockFreq  stm32f4xx_hal_rcc.o
    0x08001b34   0x08001b34   0x000003ac   Code   RO          354    .text.HAL_RCC_OscConfig  stm32f4xx_hal_rcc.o
    0x08001ee0   0x08001ee0   0x00000002   Code   RO          817    .text.HAL_SPI_ErrorCallback  stm32f4xx_hal_spi.o
    0x08001ee2   0x08001ee2   0x00000002   PAD
    0x08001ee4   0x08001ee4   0x0000012e   Code   RO          813    .text.HAL_SPI_IRQHandler  stm32f4xx_hal_spi.o
    0x08002012   0x08002012   0x00000002   PAD
    0x08002014   0x08002014   0x000000b0   Code   RO          737    .text.HAL_SPI_Init  stm32f4xx_hal_spi.o
    0x080020c4   0x080020c4   0x0000019c   Code   RO          132    .text.HAL_SPI_MspInit  spi.o
    0x08002260   0x08002260   0x00000200   Code   RO          747    .text.HAL_SPI_Receive  stm32f4xx_hal_spi.o
    0x08002460   0x08002460   0x00000274   Code   RO          745    .text.HAL_SPI_Transmit  stm32f4xx_hal_spi.o
    0x080026d4   0x080026d4   0x00000340   Code   RO          749    .text.HAL_SPI_TransmitReceive  stm32f4xx_hal_spi.o
    0x08002a14   0x08002a14   0x000000de   Code   RO          773    .text.HAL_SPI_Transmit_DMA  stm32f4xx_hal_spi.o
    0x08002af2   0x08002af2   0x00000002   PAD
    0x08002af4   0x08002af4   0x0000001e   Code   RO           25    .text.HAL_SPI_TxCpltCallback  main.o
    0x08002b12   0x08002b12   0x00000002   PAD
    0x08002b14   0x08002b14   0x00000002   Code   RO          825    .text.HAL_SPI_TxHalfCpltCallback  stm32f4xx_hal_spi.o
    0x08002b16   0x08002b16   0x00000002   PAD
    0x08002b18   0x08002b18   0x0000002c   Code   RO          607    .text.HAL_SYSTICK_Config  stm32f4xx_hal_cortex.o
    0x08002b44   0x08002b44   0x00000002   Code   RO          937    .text.HAL_UARTEx_RxEventCallback  stm32f4xx_hal_uart.o
    0x08002b46   0x08002b46   0x00000002   PAD
    0x08002b48   0x08002b48   0x00000002   Code   RO          935    .text.HAL_UART_ErrorCallback  stm32f4xx_hal_uart.o
    0x08002b4a   0x08002b4a   0x00000002   PAD
    0x08002b4c   0x08002b4c   0x00000594   Code   RO          929    .text.HAL_UART_IRQHandler  stm32f4xx_hal_uart.o
    0x080030e0   0x080030e0   0x00000060   Code   RO          851    .text.HAL_UART_Init  stm32f4xx_hal_uart.o
    0x08003140   0x08003140   0x000000c4   Code   RO          150    .text.HAL_UART_MspInit  usart.o
    0x08003204   0x08003204   0x00000180   Code   RO          885    .text.HAL_UART_Receive_DMA  stm32f4xx_hal_uart.o
    0x08003384   0x08003384   0x0000001e   Code   RO           63    .text.HAL_UART_RxCpltCallback  main.o
    0x080033a2   0x080033a2   0x00000002   PAD
    0x080033a4   0x080033a4   0x00000002   Code   RO          945    .text.HAL_UART_RxHalfCpltCallback  stm32f4xx_hal_uart.o
    0x080033a6   0x080033a6   0x00000002   PAD
    0x080033a8   0x080033a8   0x00000192   Code   RO          867    .text.HAL_UART_Transmit  stm32f4xx_hal_uart.o
    0x0800353a   0x0800353a   0x00000002   PAD
    0x0800353c   0x0800353c   0x00000002   Code   RO          939    .text.HAL_UART_TxCpltCallback  stm32f4xx_hal_uart.o
    0x0800353e   0x0800353e   0x00000002   PAD
    0x08003540   0x08003540   0x00000002   Code   RO          166    .text.HardFault_Handler  stm32f4xx_it.o
    0x08003542   0x08003542   0x00000002   PAD
    0x08003544   0x08003544   0x0000000c   Code   RO          188    .text.I2C1_ER_IRQHandler  stm32f4xx_it.o
    0x08003550   0x08003550   0x0000000c   Code   RO          186    .text.I2C1_EV_IRQHandler  stm32f4xx_it.o
    0x0800355c   0x0800355c   0x0000011e   Code   RO          287    .text.I2C_DMAAbort  stm32f4xx_hal_i2c.o
    0x0800367a   0x0800367a   0x00000002   PAD
    0x0800367c   0x0800367c   0x0000018c   Code   RO          299    .text.I2C_ITError   stm32f4xx_hal_i2c.o
    0x08003808   0x08003808   0x000000f8   Code   RO          311    .text.I2C_MasterReceive_BTF  stm32f4xx_hal_i2c.o
    0x08003900   0x08003900   0x0000013e   Code   RO          309    .text.I2C_MasterReceive_RXNE  stm32f4xx_hal_i2c.o
    0x08003a3e   0x08003a3e   0x00000002   PAD
    0x08003a40   0x08003a40   0x00000082   Code   RO          305    .text.I2C_MasterTransmit_BTF  stm32f4xx_hal_i2c.o
    0x08003ac2   0x08003ac2   0x00000002   PAD
    0x08003ac4   0x08003ac4   0x000000b2   Code   RO          303    .text.I2C_MasterTransmit_TXE  stm32f4xx_hal_i2c.o
    0x08003b76   0x08003b76   0x00000002   PAD
    0x08003b78   0x08003b78   0x000000be   Code   RO          307    .text.I2C_MemoryTransmit_TXE_BTF  stm32f4xx_hal_i2c.o
    0x08003c36   0x08003c36   0x00000002   PAD
    0x08003c38   0x08003c38   0x000000c8   Code   RO          259    .text.I2C_RequestMemoryWrite  stm32f4xx_hal_i2c.o
    0x08003d00   0x08003d00   0x000000ba   Code   RO          227    .text.I2C_WaitOnBTFFlagUntilTimeout  stm32f4xx_hal_i2c.o
    0x08003dba   0x08003dba   0x00000002   PAD
    0x08003dbc   0x08003dbc   0x000001ca   Code   RO          223    .text.I2C_WaitOnFlagUntilTimeout  stm32f4xx_hal_i2c.o
    0x08003f86   0x08003f86   0x00000002   PAD
    0x08003f88   0x08003f88   0x000000d6   Code   RO          341    .text.I2C_WaitOnMasterAddressFlagUntilTimeout  stm32f4xx_hal_i2c.o
    0x0800405e   0x0800405e   0x00000002   PAD
    0x08004060   0x08004060   0x000000ba   Code   RO          225    .text.I2C_WaitOnTXEFlagUntilTimeout  stm32f4xx_hal_i2c.o
    0x0800411a   0x0800411a   0x00000002   PAD
    0x0800411c   0x0800411c   0x00000230   Code   RO           65    .text.Key_Scan      main.o
    0x0800434c   0x0800434c   0x00000b68   Code   RO           17    .text.LCD_Init      main.o
    0x08004eb4   0x08004eb4   0x00000188   Code   RO           19    .text.LCD_Set_Window  main.o
    0x0800503c   0x0800503c   0x0000007c   Code   RO          103    .text.MX_DMA_Init   dma.o
    0x080050b8   0x080050b8   0x000000e4   Code   RO           94    .text.MX_GPIO_Init  gpio.o
    0x0800519c   0x0800519c   0x00000042   Code   RO          112    .text.MX_I2C1_Init  i2c.o
    0x080051de   0x080051de   0x00000002   PAD
    0x080051e0   0x080051e0   0x00000046   Code   RO          128    .text.MX_SPI1_Init  spi.o
    0x08005226   0x08005226   0x00000002   PAD
    0x08005228   0x08005228   0x00000046   Code   RO          130    .text.MX_SPI2_Init  spi.o
    0x0800526e   0x0800526e   0x00000002   PAD
    0x08005270   0x08005270   0x0000003c   Code   RO          148    .text.MX_USART2_UART_Init  usart.o
    0x080052ac   0x080052ac   0x00000002   Code   RO          168    .text.MemManage_Handler  stm32f4xx_it.o
    0x080052ae   0x080052ae   0x00000002   PAD
    0x080052b0   0x080052b0   0x00000002   Code   RO          164    .text.NMI_Handler   stm32f4xx_it.o
    0x080052b2   0x080052b2   0x00000002   PAD
    0x080052b4   0x080052b4   0x000000a8   Code   RO           33    .text.OLED_Clear    main.o
    0x0800535c   0x0800535c   0x00000280   Code   RO           31    .text.OLED_Init     main.o
    0x080055dc   0x080055dc   0x00000288   Code   RO           35    .text.OLED_ShowChar  main.o
    0x08005864   0x08005864   0x00000428   Code   RO           37    .text.OLED_ShowChinese  main.o
    0x08005c8c   0x08005c8c   0x00000148   Code   RO           51    .text.OLED_Show_Normal_Mode  main.o
    0x08005dd4   0x08005dd4   0x000000e6   Code   RO           49    .text.OLED_Show_SafeMode_Text2_AutoWrap  main.o
    0x08005eba   0x08005eba   0x00000002   PAD
    0x08005ebc   0x08005ebc   0x00000002   Code   RO          178    .text.PendSV_Handler  stm32f4xx_it.o
    0x08005ebe   0x08005ebe   0x00000002   PAD
    0x08005ec0   0x08005ec0   0x0000000c   Code   RO          190    .text.SPI1_IRQHandler  stm32f4xx_it.o
    0x08005ecc   0x08005ecc   0x0000000c   Code   RO          815    .text.SPI_DMAAbortOnError  stm32f4xx_hal_spi.o
    0x08005ed8   0x08005ed8   0x0000001e   Code   RO          779    .text.SPI_DMAError  stm32f4xx_hal_spi.o
    0x08005ef6   0x08005ef6   0x00000002   PAD
    0x08005ef8   0x08005ef8   0x00000006   Code   RO          775    .text.SPI_DMAHalfTransmitCplt  stm32f4xx_hal_spi.o
    0x08005efe   0x08005efe   0x00000002   PAD
    0x08005f00   0x08005f00   0x0000010c   Code   RO          777    .text.SPI_DMATransmitCplt  stm32f4xx_hal_spi.o
    0x0800600c   0x0800600c   0x00000124   Code   RO          841    .text.SPI_WaitFlagStateUntilTimeout  stm32f4xx_hal_spi.o
    0x08006130   0x08006130   0x00000002   Code   RO          174    .text.SVC_Handler   stm32f4xx_it.o
    0x08006132   0x08006132   0x00000002   PAD
    0x08006134   0x08006134   0x00000004   Code   RO          180    .text.SysTick_Handler  stm32f4xx_it.o
    0x08006138   0x08006138   0x000000a8   Code   RO           69    .text.SystemClock_Config  main.o
    0x080061e0   0x080061e0   0x00000012   Code   RO          973    .text.SystemInit    system_stm32f4xx.o
    0x080061f2   0x080061f2   0x00000002   PAD
    0x080061f4   0x080061f4   0x0000000a   Code   RO          933    .text.UART_DMAAbortOnError  stm32f4xx_hal_uart.o
    0x080061fe   0x080061fe   0x00000002   PAD
    0x08006200   0x08006200   0x0000017c   Code   RO          883    .text.UART_DMAError  stm32f4xx_hal_uart.o
    0x0800637c   0x0800637c   0x0000015e   Code   RO          961    .text.UART_DMAReceiveCplt  stm32f4xx_hal_uart.o
    0x080064da   0x080064da   0x00000002   PAD
    0x080064dc   0x080064dc   0x00000018   Code   RO          963    .text.UART_DMARxHalfCplt  stm32f4xx_hal_uart.o
    0x080064f4   0x080064f4   0x000000fe   Code   RO          931    .text.UART_Receive_IT  stm32f4xx_hal_uart.o
    0x080065f2   0x080065f2   0x00000002   PAD
    0x080065f4   0x080065f4   0x000000e6   Code   RO          855    .text.UART_SetConfig  stm32f4xx_hal_uart.o
    0x080066da   0x080066da   0x00000002   PAD
    0x080066dc   0x080066dc   0x0000000c   Code   RO          192    .text.USART2_IRQHandler  stm32f4xx_it.o
    0x080066e8   0x080066e8   0x00000002   Code   RO          172    .text.UsageFault_Handler  stm32f4xx_it.o
    0x080066ea   0x080066ea   0x00000002   PAD
    0x080066ec   0x080066ec   0x0000005e   Code   RO           67    .text.main          main.o
    0x0800674a   0x0800674a   0x0000001a   Code   RO         1108    x$fpl$fpinit        fz_wm.l(fpinit.o)
    0x08006764   0x08006764   0x00000010   Data   RO          978    .rodata.AHBPrescTable  system_stm32f4xx.o
    0x08006774   0x08006774   0x00000008   Data   RO          979    .rodata.APBPrescTable  system_stm32f4xx.o
    0x0800677c   0x0800677c   0x00000080   Data   RO           79    .rodata.Font_ASCII  main.o
    0x080067fc   0x080067fc   0x00000080   Data   RO           76    .rodata.Font_ImageLine  main.o
    0x0800687c   0x0800687c   0x000000a0   Data   RO           77    .rodata.Font_MusicLine  main.o
    0x0800691c   0x0800691c   0x000000c0   Data   RO           78    .rodata.Font_SafeLine  main.o
    0x080069dc   0x080069dc   0x000000a0   Data   RO           74    .rodata.Font_Text1  main.o
    0x08006a7c   0x08006a7c   0x00000240   Data   RO           75    .rodata.Font_Text2  main.o
    0x08006cbc   0x08006cbc   0x00000008   Data   RO           80    .rodata.NUM_MAP     main.o
    0x08006cc4   0x08006cc4   0x00000008   Data   RO          524    .rodata.cst8        stm32f4xx_hal_dma.o
    0x08006ccc   0x08006ccc   0x00000020   Data   RO         1169    Region$$Table       anon$$obj.o


    Execution Region RW_IRAM2 (Exec base: 0x10000000, Load base: 0x08006d00, Size: 0x00000000, Max: 0x00010000, ABSOLUTE)

    **** No section assigned to this execution region ****


    Execution Region RW_IRAM1 (Exec base: 0x20000000, Load base: 0x08006cf0, Size: 0x00000d20, Max: 0x00020000, ABSOLUTE)

    Exec Addr    Load Addr    Size         Type   Attr      Idx    E Section Name        Object

    0x20000000   0x08006cf0   0x00000008   Data   RW          702    .data..L_MergedGlobals  stm32f4xx_hal.o
    0x20000008   0x08006cf8   0x00000004   Data   RW          977    .data.SystemCoreClock  system_stm32f4xx.o
    0x2000000c   0x08006cfc   0x00000004   PAD
    0x20000010        -       0x00000060   Zero   RW         1034    .bss                c_w.l(libspace.o)
    0x20000070        -       0x00000018   Zero   RW           85    .bss..L_MergedGlobals  main.o
    0x20000088        -       0x00000060   Zero   RW          119    .bss.hdma_i2c1_tx   i2c.o
    0x200000e8        -       0x00000060   Zero   RW          139    .bss.hdma_spi1_rx   spi.o
    0x20000148        -       0x00000060   Zero   RW          138    .bss.hdma_spi1_tx   spi.o
    0x200001a8        -       0x00000060   Zero   RW          155    .bss.hdma_usart2_rx  usart.o
    0x20000208        -       0x00000054   Zero   RW          118    .bss.hi2c1          i2c.o
    0x2000025c        -       0x00000058   Zero   RW          136    .bss.hspi1          spi.o
    0x200002b4        -       0x00000058   Zero   RW          137    .bss.hspi2          spi.o
    0x2000030c        -       0x00000048   Zero   RW          154    .bss.huart2         usart.o
    0x20000354        -       0x000001e0   Zero   RW           82    .bss.line_buffer1   main.o
    0x20000534        -       0x000001e0   Zero   RW           83    .bss.line_buffer2   main.o
    0x20000714        -       0x00000001   Zero   RW           81    .bss.mp3_rx_flag    main.o
    0x20000715        -       0x00000001   Zero   RW           73    .bss.spi_dma_tx_complete  main.o
    0x20000716   0x08006cfc   0x00000002   PAD
    0x20000718        -       0x00000004   Zero   RW          701    .bss.uwTick         stm32f4xx_hal.o
    0x2000071c   0x08006cfc   0x00000004   PAD
    0x20000720        -       0x00000200   Zero   RW            2    HEAP                startup_stm32f407xx.o
    0x20000920        -       0x00000400   Zero   RW            1    STACK               startup_stm32f407xx.o


==============================================================================

Image component sizes


      Code (inc. data)   RO Data    RW Data    ZI Data      Debug   Object Name

       124          0          0          0          0       3504   dma.o
       228          0          0          0          0       2221   gpio.o
       274          0          0          0        180       7248   i2c.o
      7682          0       1352          0        986      27631   main.o
       552          0          0          0        368       7503   spi.o
        64         26        392          0       1536        808   startup_stm32f407xx.o
       204          0          0          8          4       7306   stm32f4xx_hal.o
       196          0          0          0          0      10724   stm32f4xx_hal_cortex.o
      1152          6          8          0          0      10572   stm32f4xx_hal_dma.o
       434          0          0          0          0       5434   stm32f4xx_hal_gpio.o
      5590         16          0          0          0      44595   stm32f4xx_hal_i2c.o
        56          0          0          0          0       1453   stm32f4xx_hal_msp.o
      1484          4          0          0          0       7633   stm32f4xx_hal_rcc.o
      3284          0          0          0          0      26229   stm32f4xx_hal_spi.o
      3566          0          0          0          0      32800   stm32f4xx_hal_uart.o
       116          0          0          0          0       7143   stm32f4xx_it.o
        18          0         24          4          0       2595   system_stm32f4xx.o
       256          0          0          0        168       7057   usart.o

    ----------------------------------------------------------------------
     25406         52       1808         12       3252     212456   Object Totals
         0          0         32          0          0          0   (incl. Generated)
       126          0          0          0         10          0   (incl. Padding)

    ----------------------------------------------------------------------

      Code (inc. data)   RO Data    RW Data    ZI Data      Debug   Library Member Name

         8          0          0          0          0         68   __main.o
         0          0          0          0          0          0   __rtentry.o
        12          0          0          0          0          0   __rtentry2.o
         6          0          0          0          0          0   __rtentry4.o
        94          8          0          0          0          0   __scatter.o
        26          0          0          0          0          0   __scatter_copy.o
        28          0          0          0          0          0   __scatter_zi.o
        18          0          0          0          0         80   exit.o
         6          0          0          0          0        152   heapauxi.o
         0          0          0          0          0          0   indicate_semi.o
         2          0          0          0          0          0   libinit.o
         6          0          0          0          0          0   libinit2.o
         2          0          0          0          0          0   libshutdown.o
         2          0          0          0          0          0   libshutdown2.o
         8          4          0          0         96         68   libspace.o
       240          0          0          0          0        100   lludivv7m.o
        78          0          0          0          0         80   rt_memclr_w.o
         2          0          0          0          0          0   rtexit.o
        10          0          0          0          0          0   rtexit2.o
        12          4          0          0          0         68   sys_exit.o
        74          0          0          0          0         80   sys_stackheap_outer.o
         2          0          0          0          0         68   use_no_semi.o
        26          0          0          0          0        116   fpinit.o

    ----------------------------------------------------------------------
       670         16          0          0         96        880   Library Totals
         8          0          0          0          0          0   (incl. Padding)

    ----------------------------------------------------------------------

      Code (inc. data)   RO Data    RW Data    ZI Data      Debug   Library Name

       636         16          0          0         96        764   c_w.l
        26          0          0          0          0        116   fz_wm.l

    ----------------------------------------------------------------------
       670         16          0          0         96        880   Library Totals

    ----------------------------------------------------------------------

==============================================================================


      Code (inc. data)   RO Data    RW Data    ZI Data      Debug   

     26076         68       1808         12       3348     212824   Grand Totals
     26076         68       1808         12       3348     212824   ELF Image Totals
     26076         68       1808         12          0          0   ROM Totals

==============================================================================

    Total RO  Size (Code + RO Data)                27884 (  27.23kB)
    Total RW  Size (RW Data + ZI Data)              3360 (   3.28kB)
    Total ROM Size (Code + RO Data + RW Data)      27896 (  27.24kB)

==============================================================================

