Component: ARM Compiler 5.06 update 7 (build 960) Tool: armlink [4d3601]

==============================================================================

Section Cross References

    startup_stm32f10x_hd.o(RESET) refers to startup_stm32f10x_hd.o(STACK) for __initial_sp
    startup_stm32f10x_hd.o(RESET) refers to startup_stm32f10x_hd.o(.text) for Reset_Handler
    startup_stm32f10x_hd.o(RESET) refers to stm32f10x_it.o(.text) for NMI_Handler
    startup_stm32f10x_hd.o(.text) refers to system_stm32f10x.o(.text) for SystemInit
    startup_stm32f10x_hd.o(.text) refers to entry.o(.ARM.Collect$$$$00000000) for __main
    system_stm32f10x.o(.text) refers to system_stm32f10x.o(.data) for .data
    stm32f10x_adc.o(.text) refers to stm32f10x_rcc.o(.text) for RCC_APB2PeriphResetCmd
    stm32f10x_bkp.o(.text) refers to stm32f10x_rcc.o(.text) for RCC_BackupResetCmd
    stm32f10x_can.o(.text) refers to stm32f10x_rcc.o(.text) for RCC_APB1PeriphResetCmd
    stm32f10x_cec.o(.text) refers to stm32f10x_rcc.o(.text) for RCC_APB1PeriphResetCmd
    stm32f10x_dac.o(.text) refers to stm32f10x_rcc.o(.text) for RCC_APB1PeriphResetCmd
    stm32f10x_gpio.o(.text) refers to stm32f10x_rcc.o(.text) for RCC_APB2PeriphResetCmd
    stm32f10x_i2c.o(.text) refers to stm32f10x_rcc.o(.text) for RCC_APB1PeriphResetCmd
    stm32f10x_pwr.o(.text) refers to stm32f10x_rcc.o(.text) for RCC_APB1PeriphResetCmd
    stm32f10x_rcc.o(.text) refers to stm32f10x_rcc.o(.data) for .data
    stm32f10x_spi.o(.text) refers to stm32f10x_rcc.o(.text) for RCC_APB2PeriphResetCmd
    stm32f10x_tim.o(.text) refers to stm32f10x_rcc.o(.text) for RCC_APB2PeriphResetCmd
    stm32f10x_usart.o(.text) refers to stm32f10x_rcc.o(.text) for RCC_APB2PeriphResetCmd
    stm32f10x_wwdg.o(.text) refers to stm32f10x_rcc.o(.text) for RCC_APB1PeriphResetCmd
    main.o(.text) refers to oled_i2c.o(.text) for OLED_ShowStr
    main.o(.text) refers to delay.o(.text) for DelayInit
    main.o(.text) refers to key.o(.text) for KEY_Init
    main.o(.text) refers to stm32f10x_gpio.o(.text) for GPIO_ReadInputDataBit
    led.o(.text) refers to stm32f10x_rcc.o(.text) for RCC_APB2PeriphClockCmd
    led.o(.text) refers to stm32f10x_gpio.o(.text) for GPIO_Init
    oled_i2c.o(.text) refers to stm32f10x_rcc.o(.text) for RCC_APB1PeriphClockCmd
    oled_i2c.o(.text) refers to stm32f10x_gpio.o(.text) for GPIO_Init
    oled_i2c.o(.text) refers to stm32f10x_i2c.o(.text) for I2C_DeInit
    oled_i2c.o(.text) refers to delay.o(.text) for DelayMs
    oled_i2c.o(.text) refers to oled_i2c.o(.constdata) for .constdata
    oled_i2c.o(.text) refers to oled_i2c.o(.data) for .data
    delay.o(.text) refers to misc.o(.text) for SysTick_CLKSourceConfig
    delay.o(.text) refers to system_stm32f10x.o(.data) for SystemCoreClock
    delay.o(.text) refers to delay.o(.data) for .data
    key.o(.text) refers to stm32f10x_rcc.o(.text) for RCC_APB2PeriphClockCmd
    key.o(.text) refers to stm32f10x_gpio.o(.text) for GPIO_Init
    entry.o(.ARM.Collect$$$$00000000) refers (Special) to entry10a.o(.ARM.Collect$$$$0000000F) for __rt_final_cpp
    entry.o(.ARM.Collect$$$$00000000) refers (Special) to entry11a.o(.ARM.Collect$$$$00000011) for __rt_final_exit
    entry.o(.ARM.Collect$$$$00000000) refers (Special) to entry12b.o(.ARM.Collect$$$$0000000E) for __rt_lib_shutdown_fini
    entry.o(.ARM.Collect$$$$00000000) refers (Special) to entry7b.o(.ARM.Collect$$$$00000008) for _main_clock
    entry.o(.ARM.Collect$$$$00000000) refers (Special) to entry8b.o(.ARM.Collect$$$$0000000A) for _main_cpp_init
    entry.o(.ARM.Collect$$$$00000000) refers (Special) to entry9a.o(.ARM.Collect$$$$0000000B) for _main_init
    entry.o(.ARM.Collect$$$$00000000) refers (Special) to entry5.o(.ARM.Collect$$$$00000004) for _main_scatterload
    entry.o(.ARM.Collect$$$$00000000) refers (Special) to entry2.o(.ARM.Collect$$$$00000001) for _main_stk
    entry2.o(.ARM.Collect$$$$00000001) refers to entry2.o(.ARM.Collect$$$$00002712) for __lit__00000000
    entry2.o(.ARM.Collect$$$$00002712) refers to startup_stm32f10x_hd.o(STACK) for __initial_sp
    entry2.o(__vectab_stack_and_reset_area) refers to startup_stm32f10x_hd.o(STACK) for __initial_sp
    entry2.o(__vectab_stack_and_reset_area) refers to entry.o(.ARM.Collect$$$$00000000) for __main
    entry5.o(.ARM.Collect$$$$00000004) refers to init.o(.text) for __scatterload
    entry9a.o(.ARM.Collect$$$$0000000B) refers to main.o(.text) for main
    entry9b.o(.ARM.Collect$$$$0000000C) refers to main.o(.text) for main
    init.o(.text) refers to entry5.o(.ARM.Collect$$$$00000004) for __main_after_scatterload


==============================================================================

Removing Unused input sections from the image.

    Removing startup_stm32f10x_hd.o(HEAP), (512 bytes).
    Removing core_cm3.o(.emb_text), (32 bytes).
    Removing stm32f10x_adc.o(.text), (904 bytes).
    Removing stm32f10x_bkp.o(.text), (156 bytes).
    Removing stm32f10x_can.o(.text), (1980 bytes).
    Removing stm32f10x_cec.o(.text), (252 bytes).
    Removing stm32f10x_crc.o(.text), (64 bytes).
    Removing stm32f10x_dac.o(.text), (284 bytes).
    Removing stm32f10x_dbgmcu.o(.text), (44 bytes).
    Removing stm32f10x_dma.o(.text), (488 bytes).
    Removing stm32f10x_exti.o(.text), (236 bytes).
    Removing stm32f10x_flash.o(.text), (1188 bytes).
    Removing stm32f10x_fsmc.o(.text), (1206 bytes).
    Removing stm32f10x_iwdg.o(.text), (60 bytes).
    Removing stm32f10x_pwr.o(.text), (172 bytes).
    Removing stm32f10x_rtc.o(.text), (276 bytes).
    Removing stm32f10x_sdio.o(.text), (432 bytes).
    Removing stm32f10x_spi.o(.text), (692 bytes).
    Removing stm32f10x_tim.o(.text), (3114 bytes).
    Removing stm32f10x_usart.o(.text), (924 bytes).
    Removing stm32f10x_wwdg.o(.text), (128 bytes).
    Removing led.o(.text), (56 bytes).
    Removing oled_i2c.o(.data), (1024 bytes).

23 unused section(s) (total 14224 bytes) removed from the image.

==============================================================================

Image Symbol Table

    Local Symbols

    Symbol Name                              Value     Ov Type        Size  Object(Section)

    ../clib/../cmprslib/zerorunl2.c          0x00000000   Number         0  __dczerorl2.o ABSOLUTE
    ../clib/microlib/init/entry.s            0x00000000   Number         0  entry11a.o ABSOLUTE
    ../clib/microlib/init/entry.s            0x00000000   Number         0  entry.o ABSOLUTE
    ../clib/microlib/init/entry.s            0x00000000   Number         0  entry10b.o ABSOLUTE
    ../clib/microlib/init/entry.s            0x00000000   Number         0  entry10a.o ABSOLUTE
    ../clib/microlib/init/entry.s            0x00000000   Number         0  entry9b.o ABSOLUTE
    ../clib/microlib/init/entry.s            0x00000000   Number         0  entry9a.o ABSOLUTE
    ../clib/microlib/init/entry.s            0x00000000   Number         0  entry8b.o ABSOLUTE
    ../clib/microlib/init/entry.s            0x00000000   Number         0  entry8a.o ABSOLUTE
    ../clib/microlib/init/entry.s            0x00000000   Number         0  entry11b.o ABSOLUTE
    ../clib/microlib/init/entry.s            0x00000000   Number         0  entry7b.o ABSOLUTE
    ../clib/microlib/init/entry.s            0x00000000   Number         0  entry7a.o ABSOLUTE
    ../clib/microlib/init/entry.s            0x00000000   Number         0  entry5.o ABSOLUTE
    ../clib/microlib/init/entry.s            0x00000000   Number         0  entry2.o ABSOLUTE
    ../clib/microlib/init/entry.s            0x00000000   Number         0  entry12b.o ABSOLUTE
    ../clib/microlib/init/entry.s            0x00000000   Number         0  entry12a.o ABSOLUTE
    ..\..\Libraries\CMSIS\core_cm3.c         0x00000000   Number         0  core_cm3.o ABSOLUTE
    ..\..\Libraries\CMSIS\startup\startup_stm32f10x_hd.s 0x00000000   Number         0  startup_stm32f10x_hd.o ABSOLUTE
    ..\..\Libraries\CMSIS\system_stm32f10x.c 0x00000000   Number         0  system_stm32f10x.o ABSOLUTE
    ..\..\Libraries\src\misc.c               0x00000000   Number         0  misc.o ABSOLUTE
    ..\..\Libraries\src\stm32f10x_adc.c      0x00000000   Number         0  stm32f10x_adc.o ABSOLUTE
    ..\..\Libraries\src\stm32f10x_bkp.c      0x00000000   Number         0  stm32f10x_bkp.o ABSOLUTE
    ..\..\Libraries\src\stm32f10x_can.c      0x00000000   Number         0  stm32f10x_can.o ABSOLUTE
    ..\..\Libraries\src\stm32f10x_cec.c      0x00000000   Number         0  stm32f10x_cec.o ABSOLUTE
    ..\..\Libraries\src\stm32f10x_crc.c      0x00000000   Number         0  stm32f10x_crc.o ABSOLUTE
    ..\..\Libraries\src\stm32f10x_dac.c      0x00000000   Number         0  stm32f10x_dac.o ABSOLUTE
    ..\..\Libraries\src\stm32f10x_dbgmcu.c   0x00000000   Number         0  stm32f10x_dbgmcu.o ABSOLUTE
    ..\..\Libraries\src\stm32f10x_dma.c      0x00000000   Number         0  stm32f10x_dma.o ABSOLUTE
    ..\..\Libraries\src\stm32f10x_exti.c     0x00000000   Number         0  stm32f10x_exti.o ABSOLUTE
    ..\..\Libraries\src\stm32f10x_flash.c    0x00000000   Number         0  stm32f10x_flash.o ABSOLUTE
    ..\..\Libraries\src\stm32f10x_fsmc.c     0x00000000   Number         0  stm32f10x_fsmc.o ABSOLUTE
    ..\..\Libraries\src\stm32f10x_gpio.c     0x00000000   Number         0  stm32f10x_gpio.o ABSOLUTE
    ..\..\Libraries\src\stm32f10x_i2c.c      0x00000000   Number         0  stm32f10x_i2c.o ABSOLUTE
    ..\..\Libraries\src\stm32f10x_iwdg.c     0x00000000   Number         0  stm32f10x_iwdg.o ABSOLUTE
    ..\..\Libraries\src\stm32f10x_pwr.c      0x00000000   Number         0  stm32f10x_pwr.o ABSOLUTE
    ..\..\Libraries\src\stm32f10x_rcc.c      0x00000000   Number         0  stm32f10x_rcc.o ABSOLUTE
    ..\..\Libraries\src\stm32f10x_rtc.c      0x00000000   Number         0  stm32f10x_rtc.o ABSOLUTE
    ..\..\Libraries\src\stm32f10x_sdio.c     0x00000000   Number         0  stm32f10x_sdio.o ABSOLUTE
    ..\..\Libraries\src\stm32f10x_spi.c      0x00000000   Number         0  stm32f10x_spi.o ABSOLUTE
    ..\..\Libraries\src\stm32f10x_tim.c      0x00000000   Number         0  stm32f10x_tim.o ABSOLUTE
    ..\..\Libraries\src\stm32f10x_usart.c    0x00000000   Number         0  stm32f10x_usart.o ABSOLUTE
    ..\..\Libraries\src\stm32f10x_wwdg.c     0x00000000   Number         0  stm32f10x_wwdg.o ABSOLUTE
    ..\..\User\OLED_I2C.c                    0x00000000   Number         0  oled_i2c.o ABSOLUTE
    ..\..\User\delay.c                       0x00000000   Number         0  delay.o ABSOLUTE
    ..\..\User\key.c                         0x00000000   Number         0  key.o ABSOLUTE
    ..\..\User\led.c                         0x00000000   Number         0  led.o ABSOLUTE
    ..\..\User\main.c                        0x00000000   Number         0  main.o ABSOLUTE
    ..\..\User\stm32f10x_it.c                0x00000000   Number         0  stm32f10x_it.o ABSOLUTE
    ..\\..\\Libraries\\CMSIS\\core_cm3.c     0x00000000   Number         0  core_cm3.o ABSOLUTE
    dc.s                                     0x00000000   Number         0  dc.o ABSOLUTE
    handlers.s                               0x00000000   Number         0  handlers.o ABSOLUTE
    init.s                                   0x00000000   Number         0  init.o ABSOLUTE
    RESET                                    0x08000000   Section      304  startup_stm32f10x_hd.o(RESET)
    .ARM.Collect$$$$00000000                 0x08000130   Section        0  entry.o(.ARM.Collect$$$$00000000)
    .ARM.Collect$$$$00000001                 0x08000130   Section        4  entry2.o(.ARM.Collect$$$$00000001)
    .ARM.Collect$$$$00000004                 0x08000134   Section        4  entry5.o(.ARM.Collect$$$$00000004)
    .ARM.Collect$$$$00000008                 0x08000138   Section        0  entry7b.o(.ARM.Collect$$$$00000008)
    .ARM.Collect$$$$0000000A                 0x08000138   Section        0  entry8b.o(.ARM.Collect$$$$0000000A)
    .ARM.Collect$$$$0000000B                 0x08000138   Section        8  entry9a.o(.ARM.Collect$$$$0000000B)
    .ARM.Collect$$$$0000000E                 0x08000140   Section        4  entry12b.o(.ARM.Collect$$$$0000000E)
    .ARM.Collect$$$$0000000F                 0x08000144   Section        0  entry10a.o(.ARM.Collect$$$$0000000F)
    .ARM.Collect$$$$00000011                 0x08000144   Section        0  entry11a.o(.ARM.Collect$$$$00000011)
    .ARM.Collect$$$$00002712                 0x08000144   Section        4  entry2.o(.ARM.Collect$$$$00002712)
    __lit__00000000                          0x08000144   Data           4  entry2.o(.ARM.Collect$$$$00002712)
    .text                                    0x08000148   Section       36  startup_stm32f10x_hd.o(.text)
    .text                                    0x0800016c   Section        0  system_stm32f10x.o(.text)
    SetSysClockTo72                          0x0800016d   Thumb Code   166  system_stm32f10x.o(.text)
    SetSysClock                              0x08000213   Thumb Code     2  system_stm32f10x.o(.text)
    .text                                    0x080002e0   Section        0  misc.o(.text)
    .text                                    0x08000398   Section        0  stm32f10x_gpio.o(.text)
    .text                                    0x08000630   Section        0  stm32f10x_i2c.o(.text)
    .text                                    0x080009c0   Section        0  stm32f10x_rcc.o(.text)
    .text                                    0x08000cb4   Section        0  main.o(.text)
    .text                                    0x080010ac   Section        0  stm32f10x_it.o(.text)
    .text                                    0x080010c0   Section        0  oled_i2c.o(.text)
    .text                                    0x08001460   Section        0  delay.o(.text)
    .text                                    0x08001514   Section        0  key.o(.text)
    .text                                    0x08001540   Section       36  init.o(.text)
    .text                                    0x08001564   Section        0  __dczerorl2.o(.text)
    i.__scatterload_copy                     0x080015ba   Section       14  handlers.o(i.__scatterload_copy)
    i.__scatterload_null                     0x080015c8   Section        2  handlers.o(i.__scatterload_null)
    i.__scatterload_zeroinit                 0x080015ca   Section       14  handlers.o(i.__scatterload_zeroinit)
    .constdata                               0x080015d8   Section     2072  oled_i2c.o(.constdata)
    .data                                    0x20000000   Section       20  system_stm32f10x.o(.data)
    .data                                    0x20000014   Section       20  stm32f10x_rcc.o(.data)
    ADCPrescTable                            0x20000014   Data           4  stm32f10x_rcc.o(.data)
    APBAHBPrescTable                         0x20000018   Data          16  stm32f10x_rcc.o(.data)
    .data                                    0x20000028   Section      480  oled_i2c.o(.data)
    .data                                    0x20000208   Section        4  delay.o(.data)
    fac_us                                   0x20000208   Data           1  delay.o(.data)
    fac_ms                                   0x2000020a   Data           2  delay.o(.data)
    STACK                                    0x20000210   Section     1024  startup_stm32f10x_hd.o(STACK)

    Global Symbols

    Symbol Name                              Value     Ov Type        Size  Object(Section)

    BuildAttributes$$THM_ISAv4$P$D$K$B$S$PE$A:L22UL41UL21$X:L11$S22US41US21$IEEE1$IW$USESV6$~STKCKD$USESV7$~SHL$OSPACE$EBA8$MICROLIB$REQ8$PRES8$EABIv2 0x00000000   Number         0  anon$$obj.o ABSOLUTE
    __ARM_use_no_argv                        0x00000000   Number         0  main.o ABSOLUTE
    __arm_fini_                               - Undefined Weak Reference
    __cpp_initialize__aeabi_                  - Undefined Weak Reference
    __cxa_finalize                            - Undefined Weak Reference
    _clock_init                               - Undefined Weak Reference
    _microlib_exit                            - Undefined Weak Reference
    __Vectors_Size                           0x00000130   Number         0  startup_stm32f10x_hd.o ABSOLUTE
    __Vectors                                0x08000000   Data           4  startup_stm32f10x_hd.o(RESET)
    __Vectors_End                            0x08000130   Data           0  startup_stm32f10x_hd.o(RESET)
    __main                                   0x08000131   Thumb Code     0  entry.o(.ARM.Collect$$$$00000000)
    _main_stk                                0x08000131   Thumb Code     0  entry2.o(.ARM.Collect$$$$00000001)
    _main_scatterload                        0x08000135   Thumb Code     0  entry5.o(.ARM.Collect$$$$00000004)
    __main_after_scatterload                 0x08000139   Thumb Code     0  entry5.o(.ARM.Collect$$$$00000004)
    _main_clock                              0x08000139   Thumb Code     0  entry7b.o(.ARM.Collect$$$$00000008)
    _main_cpp_init                           0x08000139   Thumb Code     0  entry8b.o(.ARM.Collect$$$$0000000A)
    _main_init                               0x08000139   Thumb Code     0  entry9a.o(.ARM.Collect$$$$0000000B)
    __rt_lib_shutdown_fini                   0x08000141   Thumb Code     0  entry12b.o(.ARM.Collect$$$$0000000E)
    __rt_final_cpp                           0x08000145   Thumb Code     0  entry10a.o(.ARM.Collect$$$$0000000F)
    __rt_final_exit                          0x08000145   Thumb Code     0  entry11a.o(.ARM.Collect$$$$00000011)
    Reset_Handler                            0x08000149   Thumb Code     8  startup_stm32f10x_hd.o(.text)
    ADC1_2_IRQHandler                        0x08000163   Thumb Code     0  startup_stm32f10x_hd.o(.text)
    ADC3_IRQHandler                          0x08000163   Thumb Code     0  startup_stm32f10x_hd.o(.text)
    CAN1_RX1_IRQHandler                      0x08000163   Thumb Code     0  startup_stm32f10x_hd.o(.text)
    CAN1_SCE_IRQHandler                      0x08000163   Thumb Code     0  startup_stm32f10x_hd.o(.text)
    DMA1_Channel1_IRQHandler                 0x08000163   Thumb Code     0  startup_stm32f10x_hd.o(.text)
    DMA1_Channel2_IRQHandler                 0x08000163   Thumb Code     0  startup_stm32f10x_hd.o(.text)
    DMA1_Channel3_IRQHandler                 0x08000163   Thumb Code     0  startup_stm32f10x_hd.o(.text)
    DMA1_Channel4_IRQHandler                 0x08000163   Thumb Code     0  startup_stm32f10x_hd.o(.text)
    DMA1_Channel5_IRQHandler                 0x08000163   Thumb Code     0  startup_stm32f10x_hd.o(.text)
    DMA1_Channel6_IRQHandler                 0x08000163   Thumb Code     0  startup_stm32f10x_hd.o(.text)
    DMA1_Channel7_IRQHandler                 0x08000163   Thumb Code     0  startup_stm32f10x_hd.o(.text)
    DMA2_Channel1_IRQHandler                 0x08000163   Thumb Code     0  startup_stm32f10x_hd.o(.text)
    DMA2_Channel2_IRQHandler                 0x08000163   Thumb Code     0  startup_stm32f10x_hd.o(.text)
    DMA2_Channel3_IRQHandler                 0x08000163   Thumb Code     0  startup_stm32f10x_hd.o(.text)
    DMA2_Channel4_5_IRQHandler               0x08000163   Thumb Code     0  startup_stm32f10x_hd.o(.text)
    EXTI0_IRQHandler                         0x08000163   Thumb Code     0  startup_stm32f10x_hd.o(.text)
    EXTI15_10_IRQHandler                     0x08000163   Thumb Code     0  startup_stm32f10x_hd.o(.text)
    EXTI1_IRQHandler                         0x08000163   Thumb Code     0  startup_stm32f10x_hd.o(.text)
    EXTI2_IRQHandler                         0x08000163   Thumb Code     0  startup_stm32f10x_hd.o(.text)
    EXTI3_IRQHandler                         0x08000163   Thumb Code     0  startup_stm32f10x_hd.o(.text)
    EXTI4_IRQHandler                         0x08000163   Thumb Code     0  startup_stm32f10x_hd.o(.text)
    EXTI9_5_IRQHandler                       0x08000163   Thumb Code     0  startup_stm32f10x_hd.o(.text)
    FLASH_IRQHandler                         0x08000163   Thumb Code     0  startup_stm32f10x_hd.o(.text)
    FSMC_IRQHandler                          0x08000163   Thumb Code     0  startup_stm32f10x_hd.o(.text)
    I2C1_ER_IRQHandler                       0x08000163   Thumb Code     0  startup_stm32f10x_hd.o(.text)
    I2C1_EV_IRQHandler                       0x08000163   Thumb Code     0  startup_stm32f10x_hd.o(.text)
    I2C2_ER_IRQHandler                       0x08000163   Thumb Code     0  startup_stm32f10x_hd.o(.text)
    I2C2_EV_IRQHandler                       0x08000163   Thumb Code     0  startup_stm32f10x_hd.o(.text)
    PVD_IRQHandler                           0x08000163   Thumb Code     0  startup_stm32f10x_hd.o(.text)
    RCC_IRQHandler                           0x08000163   Thumb Code     0  startup_stm32f10x_hd.o(.text)
    RTCAlarm_IRQHandler                      0x08000163   Thumb Code     0  startup_stm32f10x_hd.o(.text)
    RTC_IRQHandler                           0x08000163   Thumb Code     0  startup_stm32f10x_hd.o(.text)
    SDIO_IRQHandler                          0x08000163   Thumb Code     0  startup_stm32f10x_hd.o(.text)
    SPI1_IRQHandler                          0x08000163   Thumb Code     0  startup_stm32f10x_hd.o(.text)
    SPI2_IRQHandler                          0x08000163   Thumb Code     0  startup_stm32f10x_hd.o(.text)
    SPI3_IRQHandler                          0x08000163   Thumb Code     0  startup_stm32f10x_hd.o(.text)
    TAMPER_IRQHandler                        0x08000163   Thumb Code     0  startup_stm32f10x_hd.o(.text)
    TIM1_BRK_IRQHandler                      0x08000163   Thumb Code     0  startup_stm32f10x_hd.o(.text)
    TIM1_CC_IRQHandler                       0x08000163   Thumb Code     0  startup_stm32f10x_hd.o(.text)
    TIM1_TRG_COM_IRQHandler                  0x08000163   Thumb Code     0  startup_stm32f10x_hd.o(.text)
    TIM1_UP_IRQHandler                       0x08000163   Thumb Code     0  startup_stm32f10x_hd.o(.text)
    TIM2_IRQHandler                          0x08000163   Thumb Code     0  startup_stm32f10x_hd.o(.text)
    TIM3_IRQHandler                          0x08000163   Thumb Code     0  startup_stm32f10x_hd.o(.text)
    TIM4_IRQHandler                          0x08000163   Thumb Code     0  startup_stm32f10x_hd.o(.text)
    TIM5_IRQHandler                          0x08000163   Thumb Code     0  startup_stm32f10x_hd.o(.text)
    TIM6_IRQHandler                          0x08000163   Thumb Code     0  startup_stm32f10x_hd.o(.text)
    TIM7_IRQHandler                          0x08000163   Thumb Code     0  startup_stm32f10x_hd.o(.text)
    TIM8_BRK_IRQHandler                      0x08000163   Thumb Code     0  startup_stm32f10x_hd.o(.text)
    TIM8_CC_IRQHandler                       0x08000163   Thumb Code     0  startup_stm32f10x_hd.o(.text)
    TIM8_TRG_COM_IRQHandler                  0x08000163   Thumb Code     0  startup_stm32f10x_hd.o(.text)
    TIM8_UP_IRQHandler                       0x08000163   Thumb Code     0  startup_stm32f10x_hd.o(.text)
    UART4_IRQHandler                         0x08000163   Thumb Code     0  startup_stm32f10x_hd.o(.text)
    UART5_IRQHandler                         0x08000163   Thumb Code     0  startup_stm32f10x_hd.o(.text)
    USART1_IRQHandler                        0x08000163   Thumb Code     0  startup_stm32f10x_hd.o(.text)
    USART2_IRQHandler                        0x08000163   Thumb Code     0  startup_stm32f10x_hd.o(.text)
    USART3_IRQHandler                        0x08000163   Thumb Code     0  startup_stm32f10x_hd.o(.text)
    USBWakeUp_IRQHandler                     0x08000163   Thumb Code     0  startup_stm32f10x_hd.o(.text)
    USB_HP_CAN1_TX_IRQHandler                0x08000163   Thumb Code     0  startup_stm32f10x_hd.o(.text)
    USB_LP_CAN1_RX0_IRQHandler               0x08000163   Thumb Code     0  startup_stm32f10x_hd.o(.text)
    WWDG_IRQHandler                          0x08000163   Thumb Code     0  startup_stm32f10x_hd.o(.text)
    SystemInit                               0x08000215   Thumb Code    64  system_stm32f10x.o(.text)
    SystemCoreClockUpdate                    0x08000255   Thumb Code   106  system_stm32f10x.o(.text)
    NVIC_PriorityGroupConfig                 0x080002e1   Thumb Code    10  misc.o(.text)
    NVIC_Init                                0x080002eb   Thumb Code    96  misc.o(.text)
    NVIC_SetVectorTable                      0x0800034b   Thumb Code    14  misc.o(.text)
    NVIC_SystemLPConfig                      0x08000359   Thumb Code    24  misc.o(.text)
    SysTick_CLKSourceConfig                  0x08000371   Thumb Code    28  misc.o(.text)
    GPIO_DeInit                              0x08000399   Thumb Code   188  stm32f10x_gpio.o(.text)
    GPIO_AFIODeInit                          0x08000455   Thumb Code    22  stm32f10x_gpio.o(.text)
    GPIO_Init                                0x0800046b   Thumb Code   166  stm32f10x_gpio.o(.text)
    GPIO_StructInit                          0x08000511   Thumb Code    16  stm32f10x_gpio.o(.text)
    GPIO_ReadInputDataBit                    0x08000521   Thumb Code    14  stm32f10x_gpio.o(.text)
    GPIO_ReadInputData                       0x0800052f   Thumb Code     6  stm32f10x_gpio.o(.text)
    GPIO_ReadOutputDataBit                   0x08000535   Thumb Code    14  stm32f10x_gpio.o(.text)
    GPIO_ReadOutputData                      0x08000543   Thumb Code     6  stm32f10x_gpio.o(.text)
    GPIO_SetBits                             0x08000549   Thumb Code     4  stm32f10x_gpio.o(.text)
    GPIO_ResetBits                           0x0800054d   Thumb Code     4  stm32f10x_gpio.o(.text)
    GPIO_WriteBit                            0x08000551   Thumb Code    12  stm32f10x_gpio.o(.text)
    GPIO_Write                               0x0800055d   Thumb Code     4  stm32f10x_gpio.o(.text)
    GPIO_PinLockConfig                       0x08000561   Thumb Code    16  stm32f10x_gpio.o(.text)
    GPIO_EventOutputConfig                   0x08000571   Thumb Code    22  stm32f10x_gpio.o(.text)
    GPIO_EventOutputCmd                      0x08000587   Thumb Code     6  stm32f10x_gpio.o(.text)
    GPIO_PinRemapConfig                      0x0800058d   Thumb Code    86  stm32f10x_gpio.o(.text)
    GPIO_EXTILineConfig                      0x080005e3   Thumb Code    34  stm32f10x_gpio.o(.text)
    GPIO_ETH_MediaInterfaceConfig            0x08000605   Thumb Code     8  stm32f10x_gpio.o(.text)
    I2C_DeInit                               0x08000631   Thumb Code    52  stm32f10x_i2c.o(.text)
    I2C_Init                                 0x08000665   Thumb Code   182  stm32f10x_i2c.o(.text)
    I2C_StructInit                           0x0800071b   Thumb Code    28  stm32f10x_i2c.o(.text)
    I2C_Cmd                                  0x08000737   Thumb Code    24  stm32f10x_i2c.o(.text)
    I2C_DMACmd                               0x0800074f   Thumb Code    24  stm32f10x_i2c.o(.text)
    I2C_DMALastTransferCmd                   0x08000767   Thumb Code    24  stm32f10x_i2c.o(.text)
    I2C_GenerateSTART                        0x0800077f   Thumb Code    24  stm32f10x_i2c.o(.text)
    I2C_GenerateSTOP                         0x08000797   Thumb Code    24  stm32f10x_i2c.o(.text)
    I2C_AcknowledgeConfig                    0x080007af   Thumb Code    24  stm32f10x_i2c.o(.text)
    I2C_OwnAddress2Config                    0x080007c7   Thumb Code    16  stm32f10x_i2c.o(.text)
    I2C_DualAddressCmd                       0x080007d7   Thumb Code    24  stm32f10x_i2c.o(.text)
    I2C_GeneralCallCmd                       0x080007ef   Thumb Code    24  stm32f10x_i2c.o(.text)
    I2C_ITConfig                             0x08000807   Thumb Code    20  stm32f10x_i2c.o(.text)
    I2C_SendData                             0x0800081b   Thumb Code     4  stm32f10x_i2c.o(.text)
    I2C_ReceiveData                          0x0800081f   Thumb Code     6  stm32f10x_i2c.o(.text)
    I2C_Send7bitAddress                      0x08000825   Thumb Code    18  stm32f10x_i2c.o(.text)
    I2C_ReadRegister                         0x08000837   Thumb Code    16  stm32f10x_i2c.o(.text)
    I2C_SoftwareResetCmd                     0x08000847   Thumb Code    24  stm32f10x_i2c.o(.text)
    I2C_NACKPositionConfig                   0x0800085f   Thumb Code    26  stm32f10x_i2c.o(.text)
    I2C_SMBusAlertConfig                     0x08000879   Thumb Code    26  stm32f10x_i2c.o(.text)
    I2C_TransmitPEC                          0x08000893   Thumb Code    24  stm32f10x_i2c.o(.text)
    I2C_PECPositionConfig                    0x080008ab   Thumb Code    26  stm32f10x_i2c.o(.text)
    I2C_CalculatePEC                         0x080008c5   Thumb Code    24  stm32f10x_i2c.o(.text)
    I2C_GetPEC                               0x080008dd   Thumb Code     6  stm32f10x_i2c.o(.text)
    I2C_ARPCmd                               0x080008e3   Thumb Code    24  stm32f10x_i2c.o(.text)
    I2C_StretchClockCmd                      0x080008fb   Thumb Code    24  stm32f10x_i2c.o(.text)
    I2C_FastModeDutyCycleConfig              0x08000913   Thumb Code    26  stm32f10x_i2c.o(.text)
    I2C_CheckEvent                           0x0800092d   Thumb Code    24  stm32f10x_i2c.o(.text)
    I2C_GetLastEvent                         0x08000945   Thumb Code    14  stm32f10x_i2c.o(.text)
    I2C_GetFlagStatus                        0x08000953   Thumb Code    50  stm32f10x_i2c.o(.text)
    I2C_ClearFlag                            0x08000985   Thumb Code     6  stm32f10x_i2c.o(.text)
    I2C_GetITStatus                          0x0800098b   Thumb Code    34  stm32f10x_i2c.o(.text)
    I2C_ClearITPendingBit                    0x080009ad   Thumb Code     6  stm32f10x_i2c.o(.text)
    RCC_DeInit                               0x080009c1   Thumb Code    50  stm32f10x_rcc.o(.text)
    RCC_HSEConfig                            0x080009f3   Thumb Code    50  stm32f10x_rcc.o(.text)
    RCC_GetFlagStatus                        0x08000a25   Thumb Code    42  stm32f10x_rcc.o(.text)
    RCC_WaitForHSEStartUp                    0x08000a4f   Thumb Code    48  stm32f10x_rcc.o(.text)
    RCC_AdjustHSICalibrationValue            0x08000a7f   Thumb Code    16  stm32f10x_rcc.o(.text)
    RCC_HSICmd                               0x08000a8f   Thumb Code     6  stm32f10x_rcc.o(.text)
    RCC_PLLConfig                            0x08000a95   Thumb Code    16  stm32f10x_rcc.o(.text)
    RCC_PLLCmd                               0x08000aa5   Thumb Code     6  stm32f10x_rcc.o(.text)
    RCC_SYSCLKConfig                         0x08000aab   Thumb Code    14  stm32f10x_rcc.o(.text)
    RCC_GetSYSCLKSource                      0x08000ab9   Thumb Code    10  stm32f10x_rcc.o(.text)
    RCC_HCLKConfig                           0x08000ac3   Thumb Code    14  stm32f10x_rcc.o(.text)
    RCC_PCLK1Config                          0x08000ad1   Thumb Code    14  stm32f10x_rcc.o(.text)
    RCC_PCLK2Config                          0x08000adf   Thumb Code    16  stm32f10x_rcc.o(.text)
    RCC_ITConfig                             0x08000aef   Thumb Code    22  stm32f10x_rcc.o(.text)
    RCC_USBCLKConfig                         0x08000b05   Thumb Code     8  stm32f10x_rcc.o(.text)
    RCC_ADCCLKConfig                         0x08000b0d   Thumb Code    14  stm32f10x_rcc.o(.text)
    RCC_LSEConfig                            0x08000b1b   Thumb Code    36  stm32f10x_rcc.o(.text)
    RCC_LSICmd                               0x08000b3f   Thumb Code     6  stm32f10x_rcc.o(.text)
    RCC_RTCCLKConfig                         0x08000b45   Thumb Code    10  stm32f10x_rcc.o(.text)
    RCC_RTCCLKCmd                            0x08000b4f   Thumb Code     8  stm32f10x_rcc.o(.text)
    RCC_GetClocksFreq                        0x08000b57   Thumb Code   154  stm32f10x_rcc.o(.text)
    RCC_AHBPeriphClockCmd                    0x08000bf1   Thumb Code    22  stm32f10x_rcc.o(.text)
    RCC_APB2PeriphClockCmd                   0x08000c07   Thumb Code    22  stm32f10x_rcc.o(.text)
    RCC_APB1PeriphClockCmd                   0x08000c1d   Thumb Code    22  stm32f10x_rcc.o(.text)
    RCC_APB2PeriphResetCmd                   0x08000c33   Thumb Code    22  stm32f10x_rcc.o(.text)
    RCC_APB1PeriphResetCmd                   0x08000c49   Thumb Code    22  stm32f10x_rcc.o(.text)
    RCC_BackupResetCmd                       0x08000c5f   Thumb Code     8  stm32f10x_rcc.o(.text)
    RCC_ClockSecuritySystemCmd               0x08000c67   Thumb Code     6  stm32f10x_rcc.o(.text)
    RCC_MCOConfig                            0x08000c6d   Thumb Code     6  stm32f10x_rcc.o(.text)
    RCC_ClearFlag                            0x08000c73   Thumb Code    12  stm32f10x_rcc.o(.text)
    RCC_GetITStatus                          0x08000c7f   Thumb Code    16  stm32f10x_rcc.o(.text)
    RCC_ClearITPendingBit                    0x08000c8f   Thumb Code     6  stm32f10x_rcc.o(.text)
    set_speed                                0x08000cb5   Thumb Code   160  main.o(.text)
    set_time                                 0x08000d55   Thumb Code   182  main.o(.text)
    main                                     0x08000e0b   Thumb Code   578  main.o(.text)
    NMI_Handler                              0x080010ad   Thumb Code     2  stm32f10x_it.o(.text)
    HardFault_Handler                        0x080010af   Thumb Code     2  stm32f10x_it.o(.text)
    MemManage_Handler                        0x080010b1   Thumb Code     2  stm32f10x_it.o(.text)
    BusFault_Handler                         0x080010b3   Thumb Code     2  stm32f10x_it.o(.text)
    UsageFault_Handler                       0x080010b5   Thumb Code     2  stm32f10x_it.o(.text)
    SVC_Handler                              0x080010b7   Thumb Code     2  stm32f10x_it.o(.text)
    DebugMon_Handler                         0x080010b9   Thumb Code     2  stm32f10x_it.o(.text)
    PendSV_Handler                           0x080010bb   Thumb Code     2  stm32f10x_it.o(.text)
    SysTick_Handler                          0x080010bd   Thumb Code     2  stm32f10x_it.o(.text)
    I2C_Configuration                        0x080010c1   Thumb Code   110  oled_i2c.o(.text)
    I2C_WriteByte                            0x0800112f   Thumb Code   128  oled_i2c.o(.text)
    WriteCmd                                 0x080011af   Thumb Code     6  oled_i2c.o(.text)
    WriteDat                                 0x080011b5   Thumb Code     6  oled_i2c.o(.text)
    OLED_Init                                0x080011bb   Thumb Code   178  oled_i2c.o(.text)
    OLED_SetPos                              0x0800126d   Thumb Code    36  oled_i2c.o(.text)
    OLED_Fill                                0x08001291   Thumb Code    54  oled_i2c.o(.text)
    OLED_CLS                                 0x080012c7   Thumb Code     4  oled_i2c.o(.text)
    OLED_ON                                  0x080012cb   Thumb Code    22  oled_i2c.o(.text)
    OLED_OFF                                 0x080012e1   Thumb Code    22  oled_i2c.o(.text)
    OLED_ShowStr                             0x080012f7   Thumb Code   194  oled_i2c.o(.text)
    OLED_ShowCN                              0x080013b9   Thumb Code    70  oled_i2c.o(.text)
    OLED_DrawBMP                             0x080013ff   Thumb Code    64  oled_i2c.o(.text)
    DelayInit                                0x08001461   Thumb Code    46  delay.o(.text)
    DelayUs                                  0x0800148f   Thumb Code    46  delay.o(.text)
    DelayMs                                  0x080014bd   Thumb Code    46  delay.o(.text)
    DelayS                                   0x080014eb   Thumb Code    28  delay.o(.text)
    KEY_Init                                 0x08001515   Thumb Code    38  key.o(.text)
    __scatterload                            0x08001541   Thumb Code    28  init.o(.text)
    __scatterload_rt2                        0x08001541   Thumb Code     0  init.o(.text)
    __decompress                             0x08001565   Thumb Code     0  __dczerorl2.o(.text)
    __decompress1                            0x08001565   Thumb Code    86  __dczerorl2.o(.text)
    __scatterload_copy                       0x080015bb   Thumb Code    14  handlers.o(i.__scatterload_copy)
    __scatterload_null                       0x080015c9   Thumb Code     2  handlers.o(i.__scatterload_null)
    __scatterload_zeroinit                   0x080015cb   Thumb Code    14  handlers.o(i.__scatterload_zeroinit)
    F6x8                                     0x080015d8   Data         552  oled_i2c.o(.constdata)
    F8X16                                    0x08001800   Data        1520  oled_i2c.o(.constdata)
    Region$$Table$$Base                      0x08001df0   Number         0  anon$$obj.o(Region$$Table)
    Region$$Table$$Limit                     0x08001e10   Number         0  anon$$obj.o(Region$$Table)
    SystemCoreClock                          0x20000000   Data           4  system_stm32f10x.o(.data)
    AHBPrescTable                            0x20000004   Data          16  system_stm32f10x.o(.data)
    F16x16                                   0x20000028   Data         480  oled_i2c.o(.data)
    __initial_sp                             0x20000610   Data           0  startup_stm32f10x_hd.o(STACK)



==============================================================================

Memory Map of the image

  Image Entry point : 0x08000131

  Load Region LR_IROM1 (Base: 0x08000000, Size: 0x0000201c, Max: 0x00010000, ABSOLUTE, COMPRESSED[0x00001fa0])

    Execution Region ER_IROM1 (Exec base: 0x08000000, Load base: 0x08000000, Size: 0x00001e10, Max: 0x00010000, ABSOLUTE)

    Exec Addr    Load Addr    Size         Type   Attr      Idx    E Section Name        Object

    0x08000000   0x08000000   0x00000130   Data   RO            3    RESET               startup_stm32f10x_hd.o
    0x08000130   0x08000130   0x00000000   Code   RO          499  * .ARM.Collect$$$$00000000  mc_w.l(entry.o)
    0x08000130   0x08000130   0x00000004   Code   RO          502    .ARM.Collect$$$$00000001  mc_w.l(entry2.o)
    0x08000134   0x08000134   0x00000004   Code   RO          505    .ARM.Collect$$$$00000004  mc_w.l(entry5.o)
    0x08000138   0x08000138   0x00000000   Code   RO          507    .ARM.Collect$$$$00000008  mc_w.l(entry7b.o)
    0x08000138   0x08000138   0x00000000   Code   RO          509    .ARM.Collect$$$$0000000A  mc_w.l(entry8b.o)
    0x08000138   0x08000138   0x00000008   Code   RO          510    .ARM.Collect$$$$0000000B  mc_w.l(entry9a.o)
    0x08000140   0x08000140   0x00000004   Code   RO          517    .ARM.Collect$$$$0000000E  mc_w.l(entry12b.o)
    0x08000144   0x08000144   0x00000000   Code   RO          512    .ARM.Collect$$$$0000000F  mc_w.l(entry10a.o)
    0x08000144   0x08000144   0x00000000   Code   RO          514    .ARM.Collect$$$$00000011  mc_w.l(entry11a.o)
    0x08000144   0x08000144   0x00000004   Code   RO          503    .ARM.Collect$$$$00002712  mc_w.l(entry2.o)
    0x08000148   0x08000148   0x00000024   Code   RO            4    .text               startup_stm32f10x_hd.o
    0x0800016c   0x0800016c   0x00000174   Code   RO           24    .text               system_stm32f10x.o
    0x080002e0   0x080002e0   0x000000b8   Code   RO          121    .text               misc.o
    0x08000398   0x08000398   0x00000298   Code   RO          269    .text               stm32f10x_gpio.o
    0x08000630   0x08000630   0x00000390   Code   RO          281    .text               stm32f10x_i2c.o
    0x080009c0   0x080009c0   0x000002f4   Code   RO          317    .text               stm32f10x_rcc.o
    0x08000cb4   0x08000cb4   0x000003f8   Code   RO          403    .text               main.o
    0x080010ac   0x080010ac   0x00000012   Code   RO          425    .text               stm32f10x_it.o
    0x080010be   0x080010be   0x00000002   PAD
    0x080010c0   0x080010c0   0x000003a0   Code   RO          455    .text               oled_i2c.o
    0x08001460   0x08001460   0x000000b4   Code   RO          473    .text               delay.o
    0x08001514   0x08001514   0x0000002c   Code   RO          487    .text               key.o
    0x08001540   0x08001540   0x00000024   Code   RO          518    .text               mc_w.l(init.o)
    0x08001564   0x08001564   0x00000056   Code   RO          528    .text               mc_w.l(__dczerorl2.o)
    0x080015ba   0x080015ba   0x0000000e   Code   RO          522    i.__scatterload_copy  mc_w.l(handlers.o)
    0x080015c8   0x080015c8   0x00000002   Code   RO          523    i.__scatterload_null  mc_w.l(handlers.o)
    0x080015ca   0x080015ca   0x0000000e   Code   RO          524    i.__scatterload_zeroinit  mc_w.l(handlers.o)
    0x080015d8   0x080015d8   0x00000818   Data   RO          456    .constdata          oled_i2c.o
    0x08001df0   0x08001df0   0x00000020   Data   RO          520    Region$$Table       anon$$obj.o


    Execution Region RW_IRAM1 (Exec base: 0x20000000, Load base: 0x08001e10, Size: 0x00000610, Max: 0x00005000, ABSOLUTE, COMPRESSED[0x00000190])

    Exec Addr    Load Addr    Size         Type   Attr      Idx    E Section Name        Object

    0x20000000   COMPRESSED   0x00000014   Data   RW           25    .data               system_stm32f10x.o
    0x20000014   COMPRESSED   0x00000014   Data   RW          318    .data               stm32f10x_rcc.o
    0x20000028   COMPRESSED   0x000001e0   Data   RW          457    .data               oled_i2c.o
    0x20000208   COMPRESSED   0x00000004   Data   RW          474    .data               delay.o
    0x2000020c   COMPRESSED   0x00000004   PAD
    0x20000210        -       0x00000400   Zero   RW            1    STACK               startup_stm32f10x_hd.o


==============================================================================

Image component sizes


      Code (inc. data)   RO Data    RW Data    ZI Data      Debug   Object Name

         0          0          0          0          0       4532   core_cm3.o
       180         14          0          4          0       1327   delay.o
        44          6          0          0          0        507   key.o
      1016        106          0          0          0       1782   main.o
       184         12          0          0          0       2005   misc.o
       928         34       2072        480          0       4233   oled_i2c.o
        36          8        304          0       1024        900   startup_stm32f10x_hd.o
       664         36          0          0          0       6289   stm32f10x_gpio.o
       912         14          0          0          0       9995   stm32f10x_i2c.o
        18          0          0          0          0       1234   stm32f10x_it.o
       756         32          0         20          0       9456   stm32f10x_rcc.o
       372         34          0         20          0     232139   system_stm32f10x.o

    ----------------------------------------------------------------------
      5112        296       2408        524       1028     274399   Object Totals
         0          0         32          0          0          0   (incl. Generated)
         2          0          0          0          4          0   (incl. Padding)

    ----------------------------------------------------------------------

      Code (inc. data)   RO Data    RW Data    ZI Data      Debug   Library Member Name

        86          0          0          0          0          0   __dczerorl2.o
         0          0          0          0          0          0   entry.o
         0          0          0          0          0          0   entry10a.o
         0          0          0          0          0          0   entry11a.o
         4          0          0          0          0          0   entry12b.o
         8          4          0          0          0          0   entry2.o
         4          0          0          0          0          0   entry5.o
         0          0          0          0          0          0   entry7b.o
         0          0          0          0          0          0   entry8b.o
         8          4          0          0          0          0   entry9a.o
        30          0          0          0          0          0   handlers.o
        36          8          0          0          0         68   init.o

    ----------------------------------------------------------------------
       176         16          0          0          0         68   Library Totals
         0          0          0          0          0          0   (incl. Padding)

    ----------------------------------------------------------------------

      Code (inc. data)   RO Data    RW Data    ZI Data      Debug   Library Name

       176         16          0          0          0         68   mc_w.l

    ----------------------------------------------------------------------
       176         16          0          0          0         68   Library Totals

    ----------------------------------------------------------------------

==============================================================================


      Code (inc. data)   RO Data    RW Data    ZI Data      Debug   

      5288        312       2408        524       1028     273867   Grand Totals
      5288        312       2408        400       1028     273867   ELF Image Totals (compressed)
      5288        312       2408        400          0          0   ROM Totals

==============================================================================

    Total RO  Size (Code + RO Data)                 7696 (   7.52kB)
    Total RW  Size (RW Data + ZI Data)              1552 (   1.52kB)
    Total ROM Size (Code + RO Data + RW Data)       8096 (   7.91kB)

==============================================================================

