<html>
<body>
<pre>
<h1>礦ision Build Log</h1>
<h2>Tool Versions:</h2>
IDE-Version: μVision V5.38.0.0
Copyright (C) 2022 ARM Ltd and ARM Germany GmbH. All rights reserved.
License Information: 1 2, 3, LIC=D0D7S-LSUZ8-LQE0Q-NTUFX-VDYAK-JQKBA
 
Tool Versions:
Toolchain:       MDK-ARM Plus  Version: 5.38.0.0
Toolchain Path:  D:\Keil_v5\ARM\ARM_Compiler_5.06u7\Bin
C Compiler:      Armcc.exe V5.06 update 7 (build 960)
Assembler:       Armasm.exe V5.06 update 7 (build 960)
Linker/Locator:  ArmLink.exe V5.06 update 7 (build 960)
Library Manager: ArmAr.exe V5.06 update 7 (build 960)
Hex Converter:   FromElf.exe V5.06 update 7 (build 960)
CPU DLL:         SARMCM3.DLL V5.38.0.0
Dialog DLL:      DARMSTM.DLL V1.69.1.0
Target DLL:      Segger\JL2CM3.dll V2.99.42.0
Dialog DLL:      TARMSTM.DLL V1.67.1.0
 
<h2>Project:</h2>
C:\Users\87947\Desktop\（02）STM32例程(STM32F103C8T6)\I2C_SSD1306_STM32(HW)\Project\RVMDK(uV4)\HelTec.uvproj
Project File Date:  08/19/2023

<h2>Output:</h2>
*** Using Compiler 'V5.06 update 7 (build 960)', folder: 'D:\Keil_v5\ARM\ARM_Compiler_5.06u7\Bin'
Rebuild target 'Template'
assembling startup_stm32f10x_hd.s...
compiling system_stm32f10x.c...
compiling stm32f10x_bkp.c...
compiling misc.c...
compiling stm32f10x_can.c...
compiling stm32f10x_adc.c...
compiling core_cm3.c...
compiling stm32f10x_dac.c...
compiling stm32f10x_cec.c...
compiling stm32f10x_crc.c...
compiling stm32f10x_dbgmcu.c...
compiling stm32f10x_dma.c...
compiling stm32f10x_exti.c...
compiling stm32f10x_flash.c...
compiling stm32f10x_i2c.c...
compiling stm32f10x_iwdg.c...
compiling stm32f10x_fsmc.c...
compiling stm32f10x_gpio.c...
compiling stm32f10x_rcc.c...
compiling stm32f10x_pwr.c...
compiling stm32f10x_rtc.c...
compiling stm32f10x_sdio.c...
compiling stm32f10x_spi.c...
compiling stm32f10x_tim.c...
compiling stm32f10x_usart.c...
compiling stm32f10x_wwdg.c...
compiling stm32f10x_it.c...
compiling main.c...
..\..\User\main.c(61): warning:  #940-D: missing return statement at end of non-void function "set_speed" 
  }
..\..\User\main.c(89): warning:  #940-D: missing return statement at end of non-void function "set_time" 
  }
..\..\User\main.c(93): warning:  #177-D: variable "i"  was declared but never referenced
  	unsigned char i;
..\..\User\main.c(95): warning:  #177-D: variable "x"  was declared but never referenced
  	int x=0;//光标大小
..\..\User\main.c: 4 warnings, 0 errors
compiling led.c...
compiling delay.c...
compiling key.c...
compiling OLED_I2C.c...
linking...
Program Size: Code=5288 RO-data=2408 RW-data=524 ZI-data=1028  
FromELF: creating hex file...
"..\..\Output\HelTec.axf" - 0 Error(s), 4 Warning(s).
Build Time Elapsed:  00:00:09
</pre>
</body>
</html>
